21:51:01 **** Build of project Zybo-Z7-10-HDMI_bsp ****
make -k all 
"Running Make include in ps7_cortexa9_0/libsrc/axivdma_v6_5/src"
make -C ps7_cortexa9_0/libsrc/axivdma_v6_5/src -s include  "SHELL=CMD" "COMPILER=arm-none-eabi-gcc" "ARCHIVER=arm-none-eabi-ar" "COMPILER_FLAGS=  -O2 -c" "EXTRA_COMPILER_FLAGS=-mcpu=cortex-a9 -mfpu=vfpv3 -mfloat-abi=hard -nostartfiles -g -Wall -Wextra"
"Running Make include in ps7_cortexa9_0/libsrc/coresightps_dcc_v1_4/src"
make -C ps7_cortexa9_0/libsrc/coresightps_dcc_v1_4/src -s include  "SHELL=CMD" "COMPILER=arm-none-eabi-gcc" "ARCHIVER=arm-none-eabi-ar" "COMPILER_FLAGS=  -O2 -c" "EXTRA_COMPILER_FLAGS=-mcpu=cortex-a9 -mfpu=vfpv3 -mfloat-abi=hard -nostartfiles -g -Wall -Wextra"
"Running Make include in ps7_cortexa9_0/libsrc/cpu_cortexa9_v2_6/src"
make -C ps7_cortexa9_0/libsrc/cpu_cortexa9_v2_6/src -s include  "SHELL=CMD" "COMPILER=arm-none-eabi-gcc" "ARCHIVER=arm-none-eabi-ar" "COMPILER_FLAGS=  -O2 -c" "EXTRA_COMPILER_FLAGS=-mcpu=cortex-a9 -mfpu=vfpv3 -mfloat-abi=hard -nostartfiles -g -Wall -Wextra"
"Running Make include in ps7_cortexa9_0/libsrc/ddrps_v1_0/src"
make -C ps7_cortexa9_0/libsrc/ddrps_v1_0/src -s include  "SHELL=CMD" "COMPILER=arm-none-eabi-gcc" "ARCHIVER=arm-none-eabi-ar" "COMPILER_FLAGS=  -O2 -c" "EXTRA_COMPILER_FLAGS=-mcpu=cortex-a9 -mfpu=vfpv3 -mfloat-abi=hard -nostartfiles -g -Wall -Wextra"
"Running Make include in ps7_cortexa9_0/libsrc/devcfg_v3_5/src"
make -C ps7_cortexa9_0/libsrc/devcfg_v3_5/src -s include  "SHELL=CMD" "COMPILER=arm-none-eabi-gcc" "ARCHIVER=arm-none-eabi-ar" "COMPILER_FLAGS=  -O2 -c" "EXTRA_COMPILER_FLAGS=-mcpu=cortex-a9 -mfpu=vfpv3 -mfloat-abi=hard -nostartfiles -g -Wall -Wextra"
"Running Make include in ps7_cortexa9_0/libsrc/dmaps_v2_3/src"
make -C ps7_cortexa9_0/libsrc/dmaps_v2_3/src -s include  "SHELL=CMD" "COMPILER=arm-none-eabi-gcc" "ARCHIVER=arm-none-eabi-ar" "COMPILER_FLAGS=  -O2 -c" "EXTRA_COMPILER_FLAGS=-mcpu=cortex-a9 -mfpu=vfpv3 -mfloat-abi=hard -nostartfiles -g -Wall -Wextra"
"Running Make include in ps7_cortexa9_0/libsrc/emacps_v3_7/src"
make -C ps7_cortexa9_0/libsrc/emacps_v3_7/src -s include  "SHELL=CMD" "COMPILER=arm-none-eabi-gcc" "ARCHIVER=arm-none-eabi-ar" "COMPILER_FLAGS=  -O2 -c" "EXTRA_COMPILER_FLAGS=-mcpu=cortex-a9 -mfpu=vfpv3 -mfloat-abi=hard -nostartfiles -g -Wall -Wextra"
"Running Make include in ps7_cortexa9_0/libsrc/gpio_v4_3/src"
make -C ps7_cortexa9_0/libsrc/gpio_v4_3/src -s include  "SHELL=CMD" "COMPILER=arm-none-eabi-gcc" "ARCHIVER=arm-none-eabi-ar" "COMPILER_FLAGS=  -O2 -c" "EXTRA_COMPILER_FLAGS=-mcpu=cortex-a9 -mfpu=vfpv3 -mfloat-abi=hard -nostartfiles -g -Wall -Wextra"
"Running Make include in ps7_cortexa9_0/libsrc/gpiops_v3_3/src"
make -C ps7_cortexa9_0/libsrc/gpiops_v3_3/src -s include  "SHELL=CMD" "COMPILER=arm-none-eabi-gcc" "ARCHIVER=arm-none-eabi-ar" "COMPILER_FLAGS=  -O2 -c" "EXTRA_COMPILER_FLAGS=-mcpu=cortex-a9 -mfpu=vfpv3 -mfloat-abi=hard -nostartfiles -g -Wall -Wextra"
"Running Make include in ps7_cortexa9_0/libsrc/iicps_v3_7/src"
make -C ps7_cortexa9_0/libsrc/iicps_v3_7/src -s include  "SHELL=CMD" "COMPILER=arm-none-eabi-gcc" "ARCHIVER=arm-none-eabi-ar" "COMPILER_FLAGS=  -O2 -c" "EXTRA_COMPILER_FLAGS=-mcpu=cortex-a9 -mfpu=vfpv3 -mfloat-abi=hard -nostartfiles -g -Wall -Wextra"
"Running Make include in ps7_cortexa9_0/libsrc/qspips_v3_4/src"
make -C ps7_cortexa9_0/libsrc/qspips_v3_4/src -s include  "SHELL=CMD" "COMPILER=arm-none-eabi-gcc" "ARCHIVER=arm-none-eabi-ar" "COMPILER_FLAGS=  -O2 -c" "EXTRA_COMPILER_FLAGS=-mcpu=cortex-a9 -mfpu=vfpv3 -mfloat-abi=hard -nostartfiles -g -Wall -Wextra"
"Running Make include in ps7_cortexa9_0/libsrc/scugic_v3_9/src"
make -C ps7_cortexa9_0/libsrc/scugic_v3_9/src -s include  "SHELL=CMD" "COMPILER=arm-none-eabi-gcc" "ARCHIVER=arm-none-eabi-ar" "COMPILER_FLAGS=  -O2 -c" "EXTRA_COMPILER_FLAGS=-mcpu=cortex-a9 -mfpu=vfpv3 -mfloat-abi=hard -nostartfiles -g -Wall -Wextra"
"Running Make include in ps7_cortexa9_0/libsrc/scutimer_v2_1/src"
make -C ps7_cortexa9_0/libsrc/scutimer_v2_1/src -s include  "SHELL=CMD" "COMPILER=arm-none-eabi-gcc" "ARCHIVER=arm-none-eabi-ar" "COMPILER_FLAGS=  -O2 -c" "EXTRA_COMPILER_FLAGS=-mcpu=cortex-a9 -mfpu=vfpv3 -mfloat-abi=hard -nostartfiles -g -Wall -Wextra"
"Running Make include in ps7_cortexa9_0/libsrc/scuwdt_v2_1/src"
make -C ps7_cortexa9_0/libsrc/scuwdt_v2_1/src -s include  "SHELL=CMD" "COMPILER=arm-none-eabi-gcc" "ARCHIVER=arm-none-eabi-ar" "COMPILER_FLAGS=  -O2 -c" "EXTRA_COMPILER_FLAGS=-mcpu=cortex-a9 -mfpu=vfpv3 -mfloat-abi=hard -nostartfiles -g -Wall -Wextra"
"Running Make include in ps7_cortexa9_0/libsrc/sdps_v3_5/src"
make -C ps7_cortexa9_0/libsrc/sdps_v3_5/src -s include  "SHELL=CMD" "COMPILER=arm-none-eabi-gcc" "ARCHIVER=arm-none-eabi-ar" "COMPILER_FLAGS=  -O2 -c" "EXTRA_COMPILER_FLAGS=-mcpu=cortex-a9 -mfpu=vfpv3 -mfloat-abi=hard -nostartfiles -g -Wall -Wextra"
"Running Make include in ps7_cortexa9_0/libsrc/standalone_v6_7/src"
make -C ps7_cortexa9_0/libsrc/standalone_v6_7/src -s include  "SHELL=CMD" "COMPILER=arm-none-eabi-gcc" "ARCHIVER=arm-none-eabi-ar" "COMPILER_FLAGS=  -O2 -c" "EXTRA_COMPILER_FLAGS=-mcpu=cortex-a9 -mfpu=vfpv3 -mfloat-abi=hard -nostartfiles -g -Wall -Wextra"
"Running Make include in ps7_cortexa9_0/libsrc/uartps_v3_6/src"
make -C ps7_cortexa9_0/libsrc/uartps_v3_6/src -s include  "SHELL=CMD" "COMPILER=arm-none-eabi-gcc" "ARCHIVER=arm-none-eabi-ar" "COMPILER_FLAGS=  -O2 -c" "EXTRA_COMPILER_FLAGS=-mcpu=cortex-a9 -mfpu=vfpv3 -mfloat-abi=hard -nostartfiles -g -Wall -Wextra"
"Running Make include in ps7_cortexa9_0/libsrc/usbps_v2_4/src"
make -C ps7_cortexa9_0/libsrc/usbps_v2_4/src -s include  "SHELL=CMD" "COMPILER=arm-none-eabi-gcc" "ARCHIVER=arm-none-eabi-ar" "COMPILER_FLAGS=  -O2 -c" "EXTRA_COMPILER_FLAGS=-mcpu=cortex-a9 -mfpu=vfpv3 -mfloat-abi=hard -nostartfiles -g -Wall -Wextra"
"Running Make include in ps7_cortexa9_0/libsrc/vtc_v7_2/src"
make -C ps7_cortexa9_0/libsrc/vtc_v7_2/src -s include  "SHELL=CMD" "COMPILER=arm-none-eabi-gcc" "ARCHIVER=arm-none-eabi-ar" "COMPILER_FLAGS=  -O2 -c" "EXTRA_COMPILER_FLAGS=-mcpu=cortex-a9 -mfpu=vfpv3 -mfloat-abi=hard -nostartfiles -g -Wall -Wextra"
"Running Make include in ps7_cortexa9_0/libsrc/xadcps_v2_2/src"
make -C ps7_cortexa9_0/libsrc/xadcps_v2_2/src -s include  "SHELL=CMD" "COMPILER=arm-none-eabi-gcc" "ARCHIVER=arm-none-eabi-ar" "COMPILER_FLAGS=  -O2 -c" "EXTRA_COMPILER_FLAGS=-mcpu=cortex-a9 -mfpu=vfpv3 -mfloat-abi=hard -nostartfiles -g -Wall -Wextra"
"Running Make libs in ps7_cortexa9_0/libsrc/axivdma_v6_5/src"
make -C ps7_cortexa9_0/libsrc/axivdma_v6_5/src -s libs  "SHELL=CMD" "COMPILER=arm-none-eabi-gcc" "ARCHIVER=arm-none-eabi-ar" "COMPILER_FLAGS=  -O2 -c" "EXTRA_COMPILER_FLAGS=-mcpu=cortex-a9 -mfpu=vfpv3 -mfloat-abi=hard -nostartfiles -g -Wall -Wextra"
"Compiling axivdma"
arm-none-eabi-ar: creating ../../../lib/libxil.a
"Running Make libs in ps7_cortexa9_0/libsrc/coresightps_dcc_v1_4/src"
make -C ps7_cortexa9_0/libsrc/coresightps_dcc_v1_4/src -s libs  "SHELL=CMD" "COMPILER=arm-none-eabi-gcc" "ARCHIVER=arm-none-eabi-ar" "COMPILER_FLAGS=  -O2 -c" "EXTRA_COMPILER_FLAGS=-mcpu=cortex-a9 -mfpu=vfpv3 -mfloat-abi=hard -nostartfiles -g -Wall -Wextra"
"Compiling coresightps_dcc"
"Running Make libs in ps7_cortexa9_0/libsrc/cpu_cortexa9_v2_6/src"
make -C ps7_cortexa9_0/libsrc/cpu_cortexa9_v2_6/src -s libs  "SHELL=CMD" "COMPILER=arm-none-eabi-gcc" "ARCHIVER=arm-none-eabi-ar" "COMPILER_FLAGS=  -O2 -c" "EXTRA_COMPILER_FLAGS=-mcpu=cortex-a9 -mfpu=vfpv3 -mfloat-abi=hard -nostartfiles -g -Wall -Wextra"
"Compiling cpu_cortexa9"
"Running Make libs in ps7_cortexa9_0/libsrc/ddrps_v1_0/src"
make -C ps7_cortexa9_0/libsrc/ddrps_v1_0/src -s libs  "SHELL=CMD" "COMPILER=arm-none-eabi-gcc" "ARCHIVER=arm-none-eabi-ar" "COMPILER_FLAGS=  -O2 -c" "EXTRA_COMPILER_FLAGS=-mcpu=cortex-a9 -mfpu=vfpv3 -mfloat-abi=hard -nostartfiles -g -Wall -Wextra"
"Compiling ddrps"
"Running Make libs in ps7_cortexa9_0/libsrc/devcfg_v3_5/src"
make -C ps7_cortexa9_0/libsrc/devcfg_v3_5/src -s libs  "SHELL=CMD" "COMPILER=arm-none-eabi-gcc" "ARCHIVER=arm-none-eabi-ar" "COMPILER_FLAGS=  -O2 -c" "EXTRA_COMPILER_FLAGS=-mcpu=cortex-a9 -mfpu=vfpv3 -mfloat-abi=hard -nostartfiles -g -Wall -Wextra"
"Compiling devcfg"
"Running Make libs in ps7_cortexa9_0/libsrc/dmaps_v2_3/src"
make -C ps7_cortexa9_0/libsrc/dmaps_v2_3/src -s libs  "SHELL=CMD" "COMPILER=arm-none-eabi-gcc" "ARCHIVER=arm-none-eabi-ar" "COMPILER_FLAGS=  -O2 -c" "EXTRA_COMPILER_FLAGS=-mcpu=cortex-a9 -mfpu=vfpv3 -mfloat-abi=hard -nostartfiles -g -Wall -Wextra"
"Compiling dmaps"
"Running Make libs in ps7_cortexa9_0/libsrc/emacps_v3_7/src"
make -C ps7_cortexa9_0/libsrc/emacps_v3_7/src -s libs  "SHELL=CMD" "COMPILER=arm-none-eabi-gcc" "ARCHIVER=arm-none-eabi-ar" "COMPILER_FLAGS=  -O2 -c" "EXTRA_COMPILER_FLAGS=-mcpu=cortex-a9 -mfpu=vfpv3 -mfloat-abi=hard -nostartfiles -g -Wall -Wextra"
"Compiling emacps"
"Running Make libs in ps7_cortexa9_0/libsrc/gpio_v4_3/src"
make -C ps7_cortexa9_0/libsrc/gpio_v4_3/src -s libs  "SHELL=CMD" "COMPILER=arm-none-eabi-gcc" "ARCHIVER=arm-none-eabi-ar" "COMPILER_FLAGS=  -O2 -c" "EXTRA_COMPILER_FLAGS=-mcpu=cortex-a9 -mfpu=vfpv3 -mfloat-abi=hard -nostartfiles -g -Wall -Wextra"
"Compiling gpio"
"Running Make libs in ps7_cortexa9_0/libsrc/gpiops_v3_3/src"
make -C ps7_cortexa9_0/libsrc/gpiops_v3_3/src -s libs  "SHELL=CMD" "COMPILER=arm-none-eabi-gcc" "ARCHIVER=arm-none-eabi-ar" "COMPILER_FLAGS=  -O2 -c" "EXTRA_COMPILER_FLAGS=-mcpu=cortex-a9 -mfpu=vfpv3 -mfloat-abi=hard -nostartfiles -g -Wall -Wextra"
"Compiling gpiops"
"Running Make libs in ps7_cortexa9_0/libsrc/iicps_v3_7/src"
make -C ps7_cortexa9_0/libsrc/iicps_v3_7/src -s libs  "SHELL=CMD" "COMPILER=arm-none-eabi-gcc" "ARCHIVER=arm-none-eabi-ar" "COMPILER_FLAGS=  -O2 -c" "EXTRA_COMPILER_FLAGS=-mcpu=cortex-a9 -mfpu=vfpv3 -mfloat-abi=hard -nostartfiles -g -Wall -Wextra"
"Compiling iicps"
"Running Make libs in ps7_cortexa9_0/libsrc/qspips_v3_4/src"
make -C ps7_cortexa9_0/libsrc/qspips_v3_4/src -s libs  "SHELL=CMD" "COMPILER=arm-none-eabi-gcc" "ARCHIVER=arm-none-eabi-ar" "COMPILER_FLAGS=  -O2 -c" "EXTRA_COMPILER_FLAGS=-mcpu=cortex-a9 -mfpu=vfpv3 -mfloat-abi=hard -nostartfiles -g -Wall -Wextra"
"Compiling qspips"
"Running Make libs in ps7_cortexa9_0/libsrc/scugic_v3_9/src"
make -C ps7_cortexa9_0/libsrc/scugic_v3_9/src -s libs  "SHELL=CMD" "COMPILER=arm-none-eabi-gcc" "ARCHIVER=arm-none-eabi-ar" "COMPILER_FLAGS=  -O2 -c" "EXTRA_COMPILER_FLAGS=-mcpu=cortex-a9 -mfpu=vfpv3 -mfloat-abi=hard -nostartfiles -g -Wall -Wextra"
"Compiling scugic"
"Running Make libs in ps7_cortexa9_0/libsrc/scutimer_v2_1/src"
make -C ps7_cortexa9_0/libsrc/scutimer_v2_1/src -s libs  "SHELL=CMD" "COMPILER=arm-none-eabi-gcc" "ARCHIVER=arm-none-eabi-ar" "COMPILER_FLAGS=  -O2 -c" "EXTRA_COMPILER_FLAGS=-mcpu=cortex-a9 -mfpu=vfpv3 -mfloat-abi=hard -nostartfiles -g -Wall -Wextra"
"Compiling scutimer"
"Running Make libs in ps7_cortexa9_0/libsrc/scuwdt_v2_1/src"
make -C ps7_cortexa9_0/libsrc/scuwdt_v2_1/src -s libs  "SHELL=CMD" "COMPILER=arm-none-eabi-gcc" "ARCHIVER=arm-none-eabi-ar" "COMPILER_FLAGS=  -O2 -c" "EXTRA_COMPILER_FLAGS=-mcpu=cortex-a9 -mfpu=vfpv3 -mfloat-abi=hard -nostartfiles -g -Wall -Wextra"
"Compiling scuwdt"
"Running Make libs in ps7_cortexa9_0/libsrc/sdps_v3_5/src"
make -C ps7_cortexa9_0/libsrc/sdps_v3_5/src -s libs  "SHELL=CMD" "COMPILER=arm-none-eabi-gcc" "ARCHIVER=arm-none-eabi-ar" "COMPILER_FLAGS=  -O2 -c" "EXTRA_COMPILER_FLAGS=-mcpu=cortex-a9 -mfpu=vfpv3 -mfloat-abi=hard -nostartfiles -g -Wall -Wextra"
"Compiling sdps"
"Running Make libs in ps7_cortexa9_0/libsrc/standalone_v6_7/src"
make -C ps7_cortexa9_0/libsrc/standalone_v6_7/src -s libs  "SHELL=CMD" "COMPILER=arm-none-eabi-gcc" "ARCHIVER=arm-none-eabi-ar" "COMPILER_FLAGS=  -O2 -c" "EXTRA_COMPILER_FLAGS=-mcpu=cortex-a9 -mfpu=vfpv3 -mfloat-abi=hard -nostartfiles -g -Wall -Wextra"
"Compiling standalone"
In file included from sleep.c:57:0:
xtime_l.h:89:9: note: #pragma message: For the sleep routines, Global timer is being used
 #pragma message ("For the sleep routines, Global timer is being used")
         ^~~~~~~
In file included from usleep.c:60:0:
xtime_l.h:89:9: note: #pragma message: For the sleep routines, Global timer is being used
 #pragma message ("For the sleep routines, Global timer is being used")
         ^~~~~~~
In file included from xil_sleeptimer.c:55:0:
xtime_l.h:89:9: note: #pragma message: For the sleep routines, Global timer is being used
 #pragma message ("For the sleep routines, Global timer is being used")
         ^~~~~~~
In file included from xtime_l.c:53:0:
xtime_l.h:89:9: note: #pragma message: For the sleep routines, Global timer is being used
 #pragma message ("For the sleep routines, Global timer is being used")
         ^~~~~~~
"Running Make libs in ps7_cortexa9_0/libsrc/uartps_v3_6/src"
make -C ps7_cortexa9_0/libsrc/uartps_v3_6/src -s libs  "SHELL=CMD" "COMPILER=arm-none-eabi-gcc" "ARCHIVER=arm-none-eabi-ar" "COMPILER_FLAGS=  -O2 -c" "EXTRA_COMPILER_FLAGS=-mcpu=cortex-a9 -mfpu=vfpv3 -mfloat-abi=hard -nostartfiles -g -Wall -Wextra"
"Compiling uartps"
"Running Make libs in ps7_cortexa9_0/libsrc/usbps_v2_4/src"
make -C ps7_cortexa9_0/libsrc/usbps_v2_4/src -s libs  "SHELL=CMD" "COMPILER=arm-none-eabi-gcc" "ARCHIVER=arm-none-eabi-ar" "COMPILER_FLAGS=  -O2 -c" "EXTRA_COMPILER_FLAGS=-mcpu=cortex-a9 -mfpu=vfpv3 -mfloat-abi=hard -nostartfiles -g -Wall -Wextra"
"Compiling usbps"
"Running Make libs in ps7_cortexa9_0/libsrc/vtc_v7_2/src"
make -C ps7_cortexa9_0/libsrc/vtc_v7_2/src -s libs  "SHELL=CMD" "COMPILER=arm-none-eabi-gcc" "ARCHIVER=arm-none-eabi-ar" "COMPILER_FLAGS=  -O2 -c" "EXTRA_COMPILER_FLAGS=-mcpu=cortex-a9 -mfpu=vfpv3 -mfloat-abi=hard -nostartfiles -g -Wall -Wextra"
"Compiling video timing controller"
"Running Make libs in ps7_cortexa9_0/libsrc/xadcps_v2_2/src"
make -C ps7_cortexa9_0/libsrc/xadcps_v2_2/src -s libs  "SHELL=CMD" "COMPILER=arm-none-eabi-gcc" "ARCHIVER=arm-none-eabi-ar" "COMPILER_FLAGS=  -O2 -c" "EXTRA_COMPILER_FLAGS=-mcpu=cortex-a9 -mfpu=vfpv3 -mfloat-abi=hard -nostartfiles -g -Wall -Wextra"
"Compiling xadcps"
'Finished building libraries'

**** Build of configuration Debug for project Zybo-Z7-10-HDMI ****

Nothing to build for project Zybo-Z7-10-HDMI
21:51:47 **** Auto Build of configuration Debug for project Zybo-Z7-10-HDMI ****
make pre-build main-build 
a9-linaro-pre-build-step
' '
'Building file: ../src/video_capture/video_capture.c'
'Invoking: ARM v7 gcc compiler'
arm-none-eabi-gcc -Wall -O0 -g3 -c -fmessage-length=0 -MT"src/video_capture/video_capture.o" -mcpu=cortex-a9 -mfpu=vfpv3 -mfloat-abi=hard -I../../Zybo-Z7-10-HDMI_bsp/ps7_cortexa9_0/include -MMD -MP -MF"src/video_capture/video_capture.d" -MT"src/video_capture/video_capture.o" -o "src/video_capture/video_capture.o" "../src/video_capture/video_capture.c"
'Finished building: ../src/video_capture/video_capture.c'
' '
'Building file: ../src/timer_ps/timer_ps.c'
'Invoking: ARM v7 gcc compiler'
arm-none-eabi-gcc -Wall -O0 -g3 -c -fmessage-length=0 -MT"src/timer_ps/timer_ps.o" -mcpu=cortex-a9 -mfpu=vfpv3 -mfloat-abi=hard -I../../Zybo-Z7-10-HDMI_bsp/ps7_cortexa9_0/include -MMD -MP -MF"src/timer_ps/timer_ps.d" -MT"src/timer_ps/timer_ps.o" -o "src/timer_ps/timer_ps.o" "../src/timer_ps/timer_ps.c"
'Finished building: ../src/timer_ps/timer_ps.c'
' '
'Building file: ../src/intc/intc.c'
'Invoking: ARM v7 gcc compiler'
arm-none-eabi-gcc -Wall -O0 -g3 -c -fmessage-length=0 -MT"src/intc/intc.o" -mcpu=cortex-a9 -mfpu=vfpv3 -mfloat-abi=hard -I../../Zybo-Z7-10-HDMI_bsp/ps7_cortexa9_0/include -MMD -MP -MF"src/intc/intc.d" -MT"src/intc/intc.o" -o "src/intc/intc.o" "../src/intc/intc.c"
'Finished building: ../src/intc/intc.c'
' '
'Building file: ../src/dynclk/dynclk.c'
'Invoking: ARM v7 gcc compiler'
arm-none-eabi-gcc -Wall -O0 -g3 -c -fmessage-length=0 -MT"src/dynclk/dynclk.o" -mcpu=cortex-a9 -mfpu=vfpv3 -mfloat-abi=hard -I../../Zybo-Z7-10-HDMI_bsp/ps7_cortexa9_0/include -MMD -MP -MF"src/dynclk/dynclk.d" -MT"src/dynclk/dynclk.o" -o "src/dynclk/dynclk.o" "../src/dynclk/dynclk.c"
'Finished building: ../src/dynclk/dynclk.c'
' '
'Building file: ../src/display_ctrl/display_ctrl.c'
'Invoking: ARM v7 gcc compiler'
arm-none-eabi-gcc -Wall -O0 -g3 -c -fmessage-length=0 -MT"src/display_ctrl/display_ctrl.o" -mcpu=cortex-a9 -mfpu=vfpv3 -mfloat-abi=hard -I../../Zybo-Z7-10-HDMI_bsp/ps7_cortexa9_0/include -MMD -MP -MF"src/display_ctrl/display_ctrl.d" -MT"src/display_ctrl/display_ctrl.o" -o "src/display_ctrl/display_ctrl.o" "../src/display_ctrl/display_ctrl.c"
'Finished building: ../src/display_ctrl/display_ctrl.c'
' '
'Building file: ../src/video_demo.c'
'Invoking: ARM v7 gcc compiler'
arm-none-eabi-gcc -Wall -O0 -g3 -c -fmessage-length=0 -MT"src/video_demo.o" -mcpu=cortex-a9 -mfpu=vfpv3 -mfloat-abi=hard -I../../Zybo-Z7-10-HDMI_bsp/ps7_cortexa9_0/include -MMD -MP -MF"src/video_demo.d" -MT"src/video_demo.o" -o "src/video_demo.o" "../src/video_demo.c"
'Finished building: ../src/video_demo.c'
' '
'Building target: Zybo-Z7-10-HDMI.elf'
'Invoking: ARM v7 gcc linker'
arm-none-eabi-gcc -mcpu=cortex-a9 -mfpu=vfpv3 -mfloat-abi=hard -Wl,-build-id=none -specs=Xilinx.spec -Wl,-T -Wl,../src/lscript.ld -L../../Zybo-Z7-10-HDMI_bsp/ps7_cortexa9_0/lib -o "Zybo-Z7-10-HDMI.elf"  ./src/video_capture/video_capture.o  ./src/timer_ps/timer_ps.o  ./src/intc/intc.o  ./src/dynclk/dynclk.o  ./src/display_ctrl/display_ctrl.o  ./src/video_demo.o   -Wl,--start-group,-lxil,-lgcc,-lc,--end-group
'Finished building target: Zybo-Z7-10-HDMI.elf'
' '
'Invoking: ARM v7 Print Size'
arm-none-eabi-size Zybo-Z7-10-HDMI.elf  |tee "Zybo-Z7-10-HDMI.elf.size"
   text	   data	    bss	    dec	    hex	filename
 116884	   4320	18688960	18810164	11f0534	Zybo-Z7-10-HDMI.elf
'Finished building: Zybo-Z7-10-HDMI.elf.size'
' '
22:15:41 **** Auto Build of configuration Debug for project Zybo-Z7-10-HDMI ****
make pre-build main-build 
a9-linaro-pre-build-step
' '
'Building file: ../src/video_demo.c'
'Invoking: ARM v7 gcc compiler'
arm-none-eabi-gcc -Wall -O0 -g3 -c -fmessage-length=0 -MT"src/video_demo.o" -mcpu=cortex-a9 -mfpu=vfpv3 -mfloat-abi=hard -I../../Zybo-Z7-10-HDMI_bsp/ps7_cortexa9_0/include -MMD -MP -MF"src/video_demo.d" -MT"src/video_demo.o" -o "src/video_demo.o" "../src/video_demo.c"
../src/video_demo.c:497:66: error: expected ';', ',' or ')' before 'int'
 void SimonSaysColor(u8 *frame, u32 width, u32 height, u32 stride int color){
                                                                  ^~~
make: *** [src/video_demo.o] Error 1
22:15:50 **** Auto Build of configuration Debug for project Zybo-Z7-10-HDMI ****
make pre-build main-build 
a9-linaro-pre-build-step
' '
'Building file: ../src/video_demo.c'
'Invoking: ARM v7 gcc compiler'
arm-none-eabi-gcc -Wall -O0 -g3 -c -fmessage-length=0 -MT"src/video_demo.o" -mcpu=cortex-a9 -mfpu=vfpv3 -mfloat-abi=hard -I../../Zybo-Z7-10-HDMI_bsp/ps7_cortexa9_0/include -MMD -MP -MF"src/video_demo.d" -MT"src/video_demo.o" -o "src/video_demo.o" "../src/video_demo.c"
../src/video_demo.c: In function 'SimonSaysColor':
../src/video_demo.c:500:10: error: 'pattern' undeclared (first use in this function); did you mean 'matherr'?
  switch (pattern){
          ^~~~~~~
          matherr
../src/video_demo.c:500:10: note: each undeclared identifier is reported only once for each function it appears in
../src/video_demo.c:507:4: error: 'iPixelAddr' undeclared (first use in this function)
    iPixelAddr += stride;
    ^~~~~~~~~~
make: *** [src/video_demo.o] Error 1
22:16:03 **** Auto Build of configuration Debug for project Zybo-Z7-10-HDMI ****
make pre-build main-build 
a9-linaro-pre-build-step
' '
'Building file: ../src/video_demo.c'
'Invoking: ARM v7 gcc compiler'
arm-none-eabi-gcc -Wall -O0 -g3 -c -fmessage-length=0 -MT"src/video_demo.o" -mcpu=cortex-a9 -mfpu=vfpv3 -mfloat-abi=hard -I../../Zybo-Z7-10-HDMI_bsp/ps7_cortexa9_0/include -MMD -MP -MF"src/video_demo.d" -MT"src/video_demo.o" -o "src/video_demo.o" "../src/video_demo.c"
../src/video_demo.c: In function 'SimonSaysColor':
../src/video_demo.c:501:10: error: 'pattern' undeclared (first use in this function); did you mean 'matherr'?
  switch (pattern){
          ^~~~~~~
          matherr
../src/video_demo.c:501:10: note: each undeclared identifier is reported only once for each function it appears in
make: *** [src/video_demo.o] Error 1
22:16:41 **** Auto Build of configuration Debug for project Zybo-Z7-10-HDMI ****
make pre-build main-build 
a9-linaro-pre-build-step
' '
'Building file: ../src/video_demo.c'
'Invoking: ARM v7 gcc compiler'
arm-none-eabi-gcc -Wall -O0 -g3 -c -fmessage-length=0 -MT"src/video_demo.o" -mcpu=cortex-a9 -mfpu=vfpv3 -mfloat-abi=hard -I../../Zybo-Z7-10-HDMI_bsp/ps7_cortexa9_0/include -MMD -MP -MF"src/video_demo.d" -MT"src/video_demo.o" -o "src/video_demo.o" "../src/video_demo.c"
../src/video_demo.c: In function 'SimonSaysColor':
../src/video_demo.c:501:10: error: 'pattern' undeclared (first use in this function); did you mean 'matherr'?
  switch (pattern){
          ^~~~~~~
          matherr
../src/video_demo.c:501:10: note: each undeclared identifier is reported only once for each function it appears in
make: *** [src/video_demo.o] Error 1
22:16:47 **** Auto Build of configuration Debug for project Zybo-Z7-10-HDMI ****
make pre-build main-build 
a9-linaro-pre-build-step
' '
'Building file: ../src/video_demo.c'
'Invoking: ARM v7 gcc compiler'
arm-none-eabi-gcc -Wall -O0 -g3 -c -fmessage-length=0 -MT"src/video_demo.o" -mcpu=cortex-a9 -mfpu=vfpv3 -mfloat-abi=hard -I../../Zybo-Z7-10-HDMI_bsp/ps7_cortexa9_0/include -MMD -MP -MF"src/video_demo.d" -MT"src/video_demo.o" -o "src/video_demo.o" "../src/video_demo.c"
'Finished building: ../src/video_demo.c'
' '
'Building target: Zybo-Z7-10-HDMI.elf'
'Invoking: ARM v7 gcc linker'
arm-none-eabi-gcc -mcpu=cortex-a9 -mfpu=vfpv3 -mfloat-abi=hard -Wl,-build-id=none -specs=Xilinx.spec -Wl,-T -Wl,../src/lscript.ld -L../../Zybo-Z7-10-HDMI_bsp/ps7_cortexa9_0/lib -o "Zybo-Z7-10-HDMI.elf"  ./src/video_capture/video_capture.o  ./src/timer_ps/timer_ps.o  ./src/intc/intc.o  ./src/dynclk/dynclk.o  ./src/display_ctrl/display_ctrl.o  ./src/video_demo.o   -Wl,--start-group,-lxil,-lgcc,-lc,--end-group
'Finished building target: Zybo-Z7-10-HDMI.elf'
' '
'Invoking: ARM v7 Print Size'
arm-none-eabi-size Zybo-Z7-10-HDMI.elf  |tee "Zybo-Z7-10-HDMI.elf.size"
   text	   data	    bss	    dec	    hex	filename
 117076	   4320	18688960	18810356	11f05f4	Zybo-Z7-10-HDMI.elf
'Finished building: Zybo-Z7-10-HDMI.elf.size'
' '
22:17:31 **** Auto Build of configuration Debug for project Zybo-Z7-10-HDMI ****
make pre-build main-build 
a9-linaro-pre-build-step
' '
'Building file: ../src/video_demo.c'
'Invoking: ARM v7 gcc compiler'
arm-none-eabi-gcc -Wall -O0 -g3 -c -fmessage-length=0 -MT"src/video_demo.o" -mcpu=cortex-a9 -mfpu=vfpv3 -mfloat-abi=hard -I../../Zybo-Z7-10-HDMI_bsp/ps7_cortexa9_0/include -MMD -MP -MF"src/video_demo.d" -MT"src/video_demo.o" -o "src/video_demo.o" "../src/video_demo.c"
'Finished building: ../src/video_demo.c'
' '
'Building target: Zybo-Z7-10-HDMI.elf'
'Invoking: ARM v7 gcc linker'
arm-none-eabi-gcc -mcpu=cortex-a9 -mfpu=vfpv3 -mfloat-abi=hard -Wl,-build-id=none -specs=Xilinx.spec -Wl,-T -Wl,../src/lscript.ld -L../../Zybo-Z7-10-HDMI_bsp/ps7_cortexa9_0/lib -o "Zybo-Z7-10-HDMI.elf"  ./src/video_capture/video_capture.o  ./src/timer_ps/timer_ps.o  ./src/intc/intc.o  ./src/dynclk/dynclk.o  ./src/display_ctrl/display_ctrl.o  ./src/video_demo.o   -Wl,--start-group,-lxil,-lgcc,-lc,--end-group
'Finished building target: Zybo-Z7-10-HDMI.elf'
' '
'Invoking: ARM v7 Print Size'
arm-none-eabi-size Zybo-Z7-10-HDMI.elf  |tee "Zybo-Z7-10-HDMI.elf.size"
   text	   data	    bss	    dec	    hex	filename
 117332	   4320	18688960	18810612	11f06f4	Zybo-Z7-10-HDMI.elf
'Finished building: Zybo-Z7-10-HDMI.elf.size'
' '
22:17:55 **** Auto Build of configuration Debug for project Zybo-Z7-10-HDMI ****
make pre-build main-build 
a9-linaro-pre-build-step
' '
'Building file: ../src/video_demo.c'
'Invoking: ARM v7 gcc compiler'
arm-none-eabi-gcc -Wall -O0 -g3 -c -fmessage-length=0 -MT"src/video_demo.o" -mcpu=cortex-a9 -mfpu=vfpv3 -mfloat-abi=hard -I../../Zybo-Z7-10-HDMI_bsp/ps7_cortexa9_0/include -MMD -MP -MF"src/video_demo.d" -MT"src/video_demo.o" -o "src/video_demo.o" "../src/video_demo.c"
'Finished building: ../src/video_demo.c'
' '
'Building target: Zybo-Z7-10-HDMI.elf'
'Invoking: ARM v7 gcc linker'
arm-none-eabi-gcc -mcpu=cortex-a9 -mfpu=vfpv3 -mfloat-abi=hard -Wl,-build-id=none -specs=Xilinx.spec -Wl,-T -Wl,../src/lscript.ld -L../../Zybo-Z7-10-HDMI_bsp/ps7_cortexa9_0/lib -o "Zybo-Z7-10-HDMI.elf"  ./src/video_capture/video_capture.o  ./src/timer_ps/timer_ps.o  ./src/intc/intc.o  ./src/dynclk/dynclk.o  ./src/display_ctrl/display_ctrl.o  ./src/video_demo.o   -Wl,--start-group,-lxil,-lgcc,-lc,--end-group
'Finished building target: Zybo-Z7-10-HDMI.elf'
' '
'Invoking: ARM v7 Print Size'
arm-none-eabi-size Zybo-Z7-10-HDMI.elf  |tee "Zybo-Z7-10-HDMI.elf.size"
   text	   data	    bss	    dec	    hex	filename
 117396	   4320	18688960	18810676	11f0734	Zybo-Z7-10-HDMI.elf
'Finished building: Zybo-Z7-10-HDMI.elf.size'
' '
22:18:37 **** Auto Build of configuration Debug for project Zybo-Z7-10-HDMI ****
make pre-build main-build 
a9-linaro-pre-build-step
' '
'Building file: ../src/video_demo.c'
'Invoking: ARM v7 gcc compiler'
arm-none-eabi-gcc -Wall -O0 -g3 -c -fmessage-length=0 -MT"src/video_demo.o" -mcpu=cortex-a9 -mfpu=vfpv3 -mfloat-abi=hard -I../../Zybo-Z7-10-HDMI_bsp/ps7_cortexa9_0/include -MMD -MP -MF"src/video_demo.d" -MT"src/video_demo.o" -o "src/video_demo.o" "../src/video_demo.c"
../src/video_demo.c: In function 'DemoRun':
../src/video_demo.c:222:4: warning: implicit declaration of function 'SimonSaysColor' [-Wimplicit-function-declaration]
    SimonSaysColor(pFrames[dispCtrl.curFrame], dispCtrl.vMode.width, dispCtrl.vMode.height, DEMO_STRIDE, DEMO_PATTERN_0);
    ^~~~~~~~~~~~~~
../src/video_demo.c: At top level:
../src/video_demo.c:497:6: warning: conflicting types for 'SimonSaysColor'
 void SimonSaysColor(u8 *frame, u32 width, u32 height, u32 stride, int color){
      ^~~~~~~~~~~~~~
../src/video_demo.c:222:4: note: previous implicit declaration of 'SimonSaysColor' was here
    SimonSaysColor(pFrames[dispCtrl.curFrame], dispCtrl.vMode.width, dispCtrl.vMode.height, DEMO_STRIDE, DEMO_PATTERN_0);
    ^~~~~~~~~~~~~~
'Finished building: ../src/video_demo.c'
' '
'Building target: Zybo-Z7-10-HDMI.elf'
'Invoking: ARM v7 gcc linker'
arm-none-eabi-gcc -mcpu=cortex-a9 -mfpu=vfpv3 -mfloat-abi=hard -Wl,-build-id=none -specs=Xilinx.spec -Wl,-T -Wl,../src/lscript.ld -L../../Zybo-Z7-10-HDMI_bsp/ps7_cortexa9_0/lib -o "Zybo-Z7-10-HDMI.elf"  ./src/video_capture/video_capture.o  ./src/timer_ps/timer_ps.o  ./src/intc/intc.o  ./src/dynclk/dynclk.o  ./src/display_ctrl/display_ctrl.o  ./src/video_demo.o   -Wl,--start-group,-lxil,-lgcc,-lc,--end-group
'Finished building target: Zybo-Z7-10-HDMI.elf'
' '
'Invoking: ARM v7 Print Size'
arm-none-eabi-size Zybo-Z7-10-HDMI.elf  |tee "Zybo-Z7-10-HDMI.elf.size"
   text	   data	    bss	    dec	    hex	filename
 117396	   4320	18688960	18810676	11f0734	Zybo-Z7-10-HDMI.elf
'Finished building: Zybo-Z7-10-HDMI.elf.size'
' '
22:18:54 **** Auto Build of configuration Debug for project Zybo-Z7-10-HDMI ****
make pre-build main-build 
a9-linaro-pre-build-step
' '
'Building file: ../src/video_demo.c'
'Invoking: ARM v7 gcc compiler'
arm-none-eabi-gcc -Wall -O0 -g3 -c -fmessage-length=0 -MT"src/video_demo.o" -mcpu=cortex-a9 -mfpu=vfpv3 -mfloat-abi=hard -I../../Zybo-Z7-10-HDMI_bsp/ps7_cortexa9_0/include -MMD -MP -MF"src/video_demo.d" -MT"src/video_demo.o" -o "src/video_demo.o" "../src/video_demo.c"
In file included from ../../Zybo-Z7-10-HDMI_bsp/ps7_cortexa9_0/include/xil_printf.h:8:0,
                 from ../../Zybo-Z7-10-HDMI_bsp/ps7_cortexa9_0/include/xil_io.h:65,
                 from ../../Zybo-Z7-10-HDMI_bsp/ps7_cortexa9_0/include/xaxivdma_hw.h:82,
                 from ../../Zybo-Z7-10-HDMI_bsp/ps7_cortexa9_0/include/xaxivdma.h:317,
                 from ../src/video_capture/video_capture.h:75,
                 from ../src/video_demo.c:29:
c:\xilinx\sdk\2018.2\gnu\aarch32\nt\gcc-arm-none-eabi\arm-none-eabi\libc\usr\include\ctype.h: In function 'SimonSaysColor':
c:\xilinx\sdk\2018.2\gnu\aarch32\nt\gcc-arm-none-eabi\arm-none-eabi\libc\usr\include\ctype.h:46:23: error: storage class specified for parameter '__ctype_ptr__'
 extern __IMPORT char *__ctype_ptr__;
                       ^~~~~~~~~~~~~
c:\xilinx\sdk\2018.2\gnu\aarch32\nt\gcc-arm-none-eabi\arm-none-eabi\libc\usr\include\ctype.h:110:29: error: storage class specified for parameter '_ctype_'
 extern __IMPORT _CONST char _ctype_[];
                             ^~~~~~~
In file included from c:\xilinx\sdk\2018.2\gnu\aarch32\nt\gcc-arm-none-eabi\arm-none-eabi\libc\usr\include\sys\_types.h:13:0,
                 from c:\xilinx\sdk\2018.2\gnu\aarch32\nt\gcc-arm-none-eabi\arm-none-eabi\libc\usr\include\sys\reent.h:15,
                 from c:\xilinx\sdk\2018.2\gnu\aarch32\nt\gcc-arm-none-eabi\arm-none-eabi\libc\usr\include\string.h:11,
                 from ../../Zybo-Z7-10-HDMI_bsp/ps7_cortexa9_0/include/xil_printf.h:9,
                 from ../../Zybo-Z7-10-HDMI_bsp/ps7_cortexa9_0/include/xil_io.h:65,
                 from ../../Zybo-Z7-10-HDMI_bsp/ps7_cortexa9_0/include/xaxivdma_hw.h:82,
                 from ../../Zybo-Z7-10-HDMI_bsp/ps7_cortexa9_0/include/xaxivdma.h:317,
                 from ../src/video_capture/video_capture.h:75,
                 from ../src/video_demo.c:29:
c:\xilinx\sdk\2018.2\gnu\aarch32\nt\gcc-arm-none-eabi\arm-none-eabi\libc\usr\include\sys\lock.h:6:13: error: storage class specified for parameter '_LOCK_T'
 typedef int _LOCK_T;
             ^~~~~~~
c:\xilinx\sdk\2018.2\gnu\aarch32\nt\gcc-arm-none-eabi\arm-none-eabi\libc\usr\include\sys\lock.h:7:13: error: storage class specified for parameter '_LOCK_RECURSIVE_T'
 typedef int _LOCK_RECURSIVE_T;
             ^~~~~~~~~~~~~~~~~
In file included from c:\xilinx\sdk\2018.2\gnu\aarch32\nt\gcc-arm-none-eabi\arm-none-eabi\libc\usr\include\sys\reent.h:15:0,
                 from c:\xilinx\sdk\2018.2\gnu\aarch32\nt\gcc-arm-none-eabi\arm-none-eabi\libc\usr\include\string.h:11,
                 from ../../Zybo-Z7-10-HDMI_bsp/ps7_cortexa9_0/include/xil_printf.h:9,
                 from ../../Zybo-Z7-10-HDMI_bsp/ps7_cortexa9_0/include/xil_io.h:65,
                 from ../../Zybo-Z7-10-HDMI_bsp/ps7_cortexa9_0/include/xaxivdma_hw.h:82,
                 from ../../Zybo-Z7-10-HDMI_bsp/ps7_cortexa9_0/include/xaxivdma.h:317,
                 from ../src/video_capture/video_capture.h:75,
                 from ../src/video_demo.c:29:
c:\xilinx\sdk\2018.2\gnu\aarch32\nt\gcc-arm-none-eabi\arm-none-eabi\libc\usr\include\sys\_types.h:16:14: error: storage class specified for parameter '_off_t'
 typedef long _off_t;
              ^~~~~~
c:\xilinx\sdk\2018.2\gnu\aarch32\nt\gcc-arm-none-eabi\arm-none-eabi\libc\usr\include\sys\_types.h:20:15: error: storage class specified for parameter '__dev_t'
 typedef short __dev_t;
               ^~~~~~~
c:\xilinx\sdk\2018.2\gnu\aarch32\nt\gcc-arm-none-eabi\arm-none-eabi\libc\usr\include\sys\_types.h:24:24: error: storage class specified for parameter '__uid_t'
 typedef unsigned short __uid_t;
                        ^~~~~~~
c:\xilinx\sdk\2018.2\gnu\aarch32\nt\gcc-arm-none-eabi\arm-none-eabi\libc\usr\include\sys\_types.h:27:24: error: storage class specified for parameter '__gid_t'
 typedef unsigned short __gid_t;
                        ^~~~~~~
c:\xilinx\sdk\2018.2\gnu\aarch32\nt\gcc-arm-none-eabi\arm-none-eabi\libc\usr\include\sys\_types.h:31:1: error: expected declaration specifiers before '__extension__'
 __extension__ typedef long long _off64_t;
 ^~~~~~~~~~~~~
c:\xilinx\sdk\2018.2\gnu\aarch32\nt\gcc-arm-none-eabi\arm-none-eabi\libc\usr\include\sys\_types.h:39:14: error: storage class specified for parameter '_fpos_t'
 typedef long _fpos_t;  /* XXX must match off_t in <sys/types.h> */
              ^~~~~~~
c:\xilinx\sdk\2018.2\gnu\aarch32\nt\gcc-arm-none-eabi\arm-none-eabi\libc\usr\include\sys\_types.h:55:23: error: storage class specified for parameter '_ssize_t'
 typedef __SIZE_TYPE__ _ssize_t;
                       ^~~~~~~~
In file included from c:\xilinx\sdk\2018.2\gnu\aarch32\nt\gcc-arm-none-eabi\arm-none-eabi\libc\usr\include\sys\_types.h:67:0,
                 from c:\xilinx\sdk\2018.2\gnu\aarch32\nt\gcc-arm-none-eabi\arm-none-eabi\libc\usr\include\sys\reent.h:15,
                 from c:\xilinx\sdk\2018.2\gnu\aarch32\nt\gcc-arm-none-eabi\arm-none-eabi\libc\usr\include\string.h:11,
                 from ../../Zybo-Z7-10-HDMI_bsp/ps7_cortexa9_0/include/xil_printf.h:9,
                 from ../../Zybo-Z7-10-HDMI_bsp/ps7_cortexa9_0/include/xil_io.h:65,
                 from ../../Zybo-Z7-10-HDMI_bsp/ps7_cortexa9_0/include/xaxivdma_hw.h:82,
                 from ../../Zybo-Z7-10-HDMI_bsp/ps7_cortexa9_0/include/xaxivdma.h:317,
                 from ../src/video_capture/video_capture.h:75,
                 from ../src/video_demo.c:29:
c:\xilinx\sdk\2018.2\gnu\aarch32\nt\gcc-arm-none-eabi\lib\gcc\arm-none-eabi\7.2.1\include\stddef.h:357:23: error: storage class specified for parameter 'wint_t'
 typedef __WINT_TYPE__ wint_t;
                       ^~~~~~
In file included from c:\xilinx\sdk\2018.2\gnu\aarch32\nt\gcc-arm-none-eabi\arm-none-eabi\libc\usr\include\sys\reent.h:15:0,
                 from c:\xilinx\sdk\2018.2\gnu\aarch32\nt\gcc-arm-none-eabi\arm-none-eabi\libc\usr\include\string.h:11,
                 from ../../Zybo-Z7-10-HDMI_bsp/ps7_cortexa9_0/include/xil_printf.h:9,
                 from ../../Zybo-Z7-10-HDMI_bsp/ps7_cortexa9_0/include/xil_io.h:65,
                 from ../../Zybo-Z7-10-HDMI_bsp/ps7_cortexa9_0/include/xaxivdma_hw.h:82,
                 from ../../Zybo-Z7-10-HDMI_bsp/ps7_cortexa9_0/include/xaxivdma.h:317,
                 from ../src/video_capture/video_capture.h:75,
                 from ../src/video_demo.c:29:
c:\xilinx\sdk\2018.2\gnu\aarch32\nt\gcc-arm-none-eabi\arm-none-eabi\libc\usr\include\sys\_types.h:76:5: error: expected specifier-qualifier-list before 'wint_t'
     wint_t __wch;
     ^~~~~~
c:\xilinx\sdk\2018.2\gnu\aarch32\nt\gcc-arm-none-eabi\arm-none-eabi\libc\usr\include\sys\_types.h:79:3: error: storage class specified for parameter '_mbstate_t'
 } _mbstate_t;
   ^~~~~~~~~~
c:\xilinx\sdk\2018.2\gnu\aarch32\nt\gcc-arm-none-eabi\arm-none-eabi\libc\usr\include\sys\_types.h:83:27: error: expected '=', ',', ';', 'asm' or '__attribute__' before '_flock_t'
 typedef _LOCK_RECURSIVE_T _flock_t;
                           ^~~~~~~~
c:\xilinx\sdk\2018.2\gnu\aarch32\nt\gcc-arm-none-eabi\arm-none-eabi\libc\usr\include\sys\_types.h:88:15: error: storage class specified for parameter '_iconv_t'
 typedef void *_iconv_t;
               ^~~~~~~~
In file included from c:\xilinx\sdk\2018.2\gnu\aarch32\nt\gcc-arm-none-eabi\arm-none-eabi\libc\usr\include\string.h:11:0,
                 from ../../Zybo-Z7-10-HDMI_bsp/ps7_cortexa9_0/include/xil_printf.h:9,
                 from ../../Zybo-Z7-10-HDMI_bsp/ps7_cortexa9_0/include/xil_io.h:65,
                 from ../../Zybo-Z7-10-HDMI_bsp/ps7_cortexa9_0/include/xaxivdma_hw.h:82,
                 from ../../Zybo-Z7-10-HDMI_bsp/ps7_cortexa9_0/include/xaxivdma.h:317,
                 from ../src/video_capture/video_capture.h:75,
                 from ../src/video_demo.c:29:
c:\xilinx\sdk\2018.2\gnu\aarch32\nt\gcc-arm-none-eabi\arm-none-eabi\libc\usr\include\sys\reent.h:22:25: error: storage class specified for parameter '__ULong'
 typedef unsigned __Long __ULong;
                         ^~~~~~~
c:\xilinx\sdk\2018.2\gnu\aarch32\nt\gcc-arm-none-eabi\arm-none-eabi\libc\usr\include\sys\reent.h:49:3: error: expected specifier-qualifier-list before '__ULong'
   __ULong _x[1];
   ^~~~~~~
c:\xilinx\sdk\2018.2\gnu\aarch32\nt\gcc-arm-none-eabi\arm-none-eabi\libc\usr\include\sys\reent.h:76:2: error: expected specifier-qualifier-list before '__ULong'
  __ULong _fntypes;                    /* type of exit routine -
  ^~~~~~~
c:\xilinx\sdk\2018.2\gnu\aarch32\nt\gcc-arm-none-eabi\arm-none-eabi\libc\usr\include\sys\reent.h:200:3: error: expected specifier-qualifier-list before '_fpos_t'
   _fpos_t _EXFNPTR(_seek, (struct _reent *, _PTR, _fpos_t, int));
   ^~~~~~~
c:\xilinx\sdk\2018.2\gnu\aarch32\nt\gcc-arm-none-eabi\arm-none-eabi\libc\usr\include\sys\reent.h:285:26: error: storage class specified for parameter '__FILE'
 typedef struct __sFILE   __FILE;
                          ^~~~~~
c:\xilinx\sdk\2018.2\gnu\aarch32\nt\gcc-arm-none-eabi\arm-none-eabi\libc\usr\include\sys\reent.h:293:3: error: expected specifier-qualifier-list before '__FILE'
   __FILE *_iobs;
   ^~~~~~
c:\xilinx\sdk\2018.2\gnu\aarch32\nt\gcc-arm-none-eabi\arm-none-eabi\libc\usr\include\sys\reent.h:575:3: error: expected specifier-qualifier-list before '__FILE'
   __FILE *_stdin, *_stdout, *_stderr;
   ^~~~~~
c:\xilinx\sdk\2018.2\gnu\aarch32\nt\gcc-arm-none-eabi\arm-none-eabi\libc\usr\include\sys\reent.h:765:23: error: storage class specified for parameter '_impure_ptr'
 extern struct _reent *_impure_ptr __ATTRIBUTE_IMPURE_PTR__;
                       ^~~~~~~~~~~
c:\xilinx\sdk\2018.2\gnu\aarch32\nt\gcc-arm-none-eabi\arm-none-eabi\libc\usr\include\sys\reent.h:766:30: error: storage class specified for parameter '_global_impure_ptr'
 extern struct _reent *_CONST _global_impure_ptr __ATTRIBUTE_IMPURE_PTR__;
                              ^~~~~~~~~~~~~~~~~~
In file included from ../../Zybo-Z7-10-HDMI_bsp/ps7_cortexa9_0/include/xil_printf.h:10:0,
                 from ../../Zybo-Z7-10-HDMI_bsp/ps7_cortexa9_0/include/xil_io.h:65,
                 from ../../Zybo-Z7-10-HDMI_bsp/ps7_cortexa9_0/include/xaxivdma_hw.h:82,
                 from ../../Zybo-Z7-10-HDMI_bsp/ps7_cortexa9_0/include/xaxivdma.h:317,
                 from ../src/video_capture/video_capture.h:75,
                 from ../src/video_demo.c:29:
c:\xilinx\sdk\2018.2\gnu\aarch32\nt\gcc-arm-none-eabi\lib\gcc\arm-none-eabi\7.2.1\include\stdarg.h:40:27: error: storage class specified for parameter '__gnuc_va_list'
 typedef __builtin_va_list __gnuc_va_list;
                           ^~~~~~~~~~~~~~
In file included from ../../Zybo-Z7-10-HDMI_bsp/ps7_cortexa9_0/include/xil_printf.h:10:0,
                 from ../../Zybo-Z7-10-HDMI_bsp/ps7_cortexa9_0/include/xil_io.h:65,
                 from ../../Zybo-Z7-10-HDMI_bsp/ps7_cortexa9_0/include/xaxivdma_hw.h:82,
                 from ../../Zybo-Z7-10-HDMI_bsp/ps7_cortexa9_0/include/xaxivdma.h:317,
                 from ../src/video_capture/video_capture.h:75,
                 from ../src/video_demo.c:29:
c:\xilinx\sdk\2018.2\gnu\aarch32\nt\gcc-arm-none-eabi\lib\gcc\arm-none-eabi\7.2.1\include\stdarg.h:99:24: error: expected '=', ',', ';', 'asm' or '__attribute__' before 'va_list'
 typedef __gnuc_va_list va_list;
                        ^~~~~~~
In file included from ../../Zybo-Z7-10-HDMI_bsp/ps7_cortexa9_0/include/xil_io.h:65:0,
                 from ../../Zybo-Z7-10-HDMI_bsp/ps7_cortexa9_0/include/xaxivdma_hw.h:82,
                 from ../../Zybo-Z7-10-HDMI_bsp/ps7_cortexa9_0/include/xaxivdma.h:317,
                 from ../src/video_capture/video_capture.h:75,
                 from ../src/video_demo.c:29:
../../Zybo-Z7-10-HDMI_bsp/ps7_cortexa9_0/include/xil_printf.h:23:1: warning: empty declaration
 struct params_s;
 ^~~~~~
../../Zybo-Z7-10-HDMI_bsp/ps7_cortexa9_0/include/xil_printf.h:34:16: error: storage class specified for parameter 'charptr'
 typedef char8* charptr;
                ^~~~~~~
../../Zybo-Z7-10-HDMI_bsp/ps7_cortexa9_0/include/xil_printf.h:35:15: error: storage class specified for parameter 'func_ptr'
 typedef s32 (*func_ptr)(int c);
               ^~~~~~~~
../../Zybo-Z7-10-HDMI_bsp/ps7_cortexa9_0/include/xil_printf.h:41:13: error: storage class specified for parameter 'outbyte'
 extern void outbyte (char8 c);
             ^~~~~~~
../../Zybo-Z7-10-HDMI_bsp/ps7_cortexa9_0/include/xil_printf.h:42:14: error: storage class specified for parameter 'inbyte'
 extern char8 inbyte(void);
              ^~~~~~
In file included from ../../Zybo-Z7-10-HDMI_bsp/ps7_cortexa9_0/include/xaxivdma_hw.h:82:0,
                 from ../../Zybo-Z7-10-HDMI_bsp/ps7_cortexa9_0/include/xaxivdma.h:317,
                 from ../src/video_capture/video_capture.h:75,
                 from ../src/video_demo.c:29:
../../Zybo-Z7-10-HDMI_bsp/ps7_cortexa9_0/include/xil_io.h:118:1: error: expected '=', ',', ';', 'asm' or '__attribute__' before '{' token
 {
 ^
../../Zybo-Z7-10-HDMI_bsp/ps7_cortexa9_0/include/xil_io.h:135:1: error: expected '=', ',', ';', 'asm' or '__attribute__' before '{' token
 {
 ^
../../Zybo-Z7-10-HDMI_bsp/ps7_cortexa9_0/include/xil_io.h:152:1: error: expected '=', ',', ';', 'asm' or '__attribute__' before '{' token
 {
 ^
../../Zybo-Z7-10-HDMI_bsp/ps7_cortexa9_0/include/xil_io.h:169:1: error: expected '=', ',', ';', 'asm' or '__attribute__' before '{' token
 {
 ^
../../Zybo-Z7-10-HDMI_bsp/ps7_cortexa9_0/include/xil_io.h:187:1: error: expected '=', ',', ';', 'asm' or '__attribute__' before '{' token
 {
 ^
../../Zybo-Z7-10-HDMI_bsp/ps7_cortexa9_0/include/xil_io.h:205:1: error: expected '=', ',', ';', 'asm' or '__attribute__' before '{' token
 {
 ^
../../Zybo-Z7-10-HDMI_bsp/ps7_cortexa9_0/include/xil_io.h:224:1: error: expected '=', ',', ';', 'asm' or '__attribute__' before '{' token
 {
 ^
../../Zybo-Z7-10-HDMI_bsp/ps7_cortexa9_0/include/xil_io.h:246:1: error: expected '=', ',', ';', 'asm' or '__attribute__' before '{' token
 {
 ^
../../Zybo-Z7-10-HDMI_bsp/ps7_cortexa9_0/include/xil_io.h:291:1: error: expected '=', ',', ';', 'asm' or '__attribute__' before '{' token
 {
 ^
../../Zybo-Z7-10-HDMI_bsp/ps7_cortexa9_0/include/xil_io.h:305:1: error: expected '=', ',', ';', 'asm' or '__attribute__' before '{' token
 {
 ^
../../Zybo-Z7-10-HDMI_bsp/ps7_cortexa9_0/include/xil_io.h:319:1: error: expected '=', ',', ';', 'asm' or '__attribute__' before '{' token
 {
 ^
../../Zybo-Z7-10-HDMI_bsp/ps7_cortexa9_0/include/xil_io.h:333:1: error: expected '=', ',', ';', 'asm' or '__attribute__' before '{' token
 {
 ^
In file included from ../../Zybo-Z7-10-HDMI_bsp/ps7_cortexa9_0/include/xaxivdma.h:318:0,
                 from ../src/video_capture/video_capture.h:75,
                 from ../src/video_demo.c:29:
../../Zybo-Z7-10-HDMI_bsp/ps7_cortexa9_0/include/xaxivdma_i.h:82:13: error: storage class specified for parameter 'XAxiVdma_Bd'
 typedef u32 XAxiVdma_Bd[XAXIVDMA_BD_MINIMUM_ALIGNMENT_WD];
             ^~~~~~~~~~~
../../Zybo-Z7-10-HDMI_bsp/ps7_cortexa9_0/include/xaxivdma_i.h:115:5: error: expected specifier-qualifier-list before 'XAxiVdma_Bd'
     XAxiVdma_Bd BDs[XAXIVDMA_MAX_FRAMESTORE] __attribute__((__aligned__(32)));
     ^~~~~~~~~~~
../../Zybo-Z7-10-HDMI_bsp/ps7_cortexa9_0/include/xaxivdma_i.h:120:2: error: storage class specified for parameter 'XAxiVdma_Channel'
 }XAxiVdma_Channel;
  ^~~~~~~~~~~~~~~~
../../Zybo-Z7-10-HDMI_bsp/ps7_cortexa9_0/include/xaxivdma_i.h:140:2: error: storage class specified for parameter 'XAxiVdma_ChannelSetup'
 }XAxiVdma_ChannelSetup;
  ^~~~~~~~~~~~~~~~~~~~~
../../Zybo-Z7-10-HDMI_bsp/ps7_cortexa9_0/include/xaxivdma_i.h:145:27: error: expected declaration specifiers or '...' before 'XAxiVdma_Channel'
 void XAxiVdma_ChannelInit(XAxiVdma_Channel *Channel);
                           ^~~~~~~~~~~~~~~~
../../Zybo-Z7-10-HDMI_bsp/ps7_cortexa9_0/include/xaxivdma_i.h:146:28: error: expected declaration specifiers or '...' before 'XAxiVdma_Channel'
 void XAxiVdma_ChannelReset(XAxiVdma_Channel *Channel);
                            ^~~~~~~~~~~~~~~~
../../Zybo-Z7-10-HDMI_bsp/ps7_cortexa9_0/include/xaxivdma_i.h:147:34: error: expected declaration specifiers or '...' before 'XAxiVdma_Channel'
 int XAxiVdma_ChannelResetNotDone(XAxiVdma_Channel *Channel);
                                  ^~~~~~~~~~~~~~~~
../../Zybo-Z7-10-HDMI_bsp/ps7_cortexa9_0/include/xaxivdma_i.h:148:31: error: expected declaration specifiers or '...' before 'XAxiVdma_Channel'
 int XAxiVdma_ChannelIsRunning(XAxiVdma_Channel *Channel);
                               ^~~~~~~~~~~~~~~~
../../Zybo-Z7-10-HDMI_bsp/ps7_cortexa9_0/include/xaxivdma_i.h:149:28: error: expected declaration specifiers or '...' before 'XAxiVdma_Channel'
 int XAxiVdma_ChannelIsBusy(XAxiVdma_Channel *Channel);
                            ^~~~~~~~~~~~~~~~
../../Zybo-Z7-10-HDMI_bsp/ps7_cortexa9_0/include/xaxivdma_i.h:150:31: error: expected declaration specifiers or '...' before 'XAxiVdma_Channel'
 u32 XAxiVdma_ChannelGetStatus(XAxiVdma_Channel *Channel);
                               ^~~~~~~~~~~~~~~~
../../Zybo-Z7-10-HDMI_bsp/ps7_cortexa9_0/include/xaxivdma_i.h:151:35: error: expected declaration specifiers or '...' before 'XAxiVdma_Channel'
 void XAxiVdma_ChannelRegisterDump(XAxiVdma_Channel *Channel);
                                   ^~~~~~~~~~~~~~~~
../../Zybo-Z7-10-HDMI_bsp/ps7_cortexa9_0/include/xaxivdma_i.h:153:34: error: expected declaration specifiers or '...' before 'XAxiVdma_Channel'
 int XAxiVdma_ChannelStartParking(XAxiVdma_Channel *Channel);
                                  ^~~~~~~~~~~~~~~~
../../Zybo-Z7-10-HDMI_bsp/ps7_cortexa9_0/include/xaxivdma_i.h:154:34: error: expected declaration specifiers or '...' before 'XAxiVdma_Channel'
 void XAxiVdma_ChannelStopParking(XAxiVdma_Channel *Channel);
                                  ^~~~~~~~~~~~~~~~
../../Zybo-Z7-10-HDMI_bsp/ps7_cortexa9_0/include/xaxivdma_i.h:155:40: error: expected declaration specifiers or '...' before 'XAxiVdma_Channel'
 void XAxiVdma_ChannelStartFrmCntEnable(XAxiVdma_Channel *Channel);
                                        ^~~~~~~~~~~~~~~~
../../Zybo-Z7-10-HDMI_bsp/ps7_cortexa9_0/include/xaxivdma_i.h:157:33: error: expected declaration specifiers or '...' before 'XAxiVdma_Channel'
 void XAxiVdma_ChannelEnableIntr(XAxiVdma_Channel *Channel, u32 IntrType);
                                 ^~~~~~~~~~~~~~~~
../../Zybo-Z7-10-HDMI_bsp/ps7_cortexa9_0/include/xaxivdma_i.h:158:34: error: expected declaration specifiers or '...' before 'XAxiVdma_Channel'
 void XAxiVdma_ChannelDisableIntr(XAxiVdma_Channel *Channel, u32 IntrType);
                                  ^~~~~~~~~~~~~~~~
../../Zybo-Z7-10-HDMI_bsp/ps7_cortexa9_0/include/xaxivdma_i.h:159:36: error: expected declaration specifiers or '...' before 'XAxiVdma_Channel'
 u32 XAxiVdma_ChannelGetPendingIntr(XAxiVdma_Channel *Channel);
                                    ^~~~~~~~~~~~~~~~
../../Zybo-Z7-10-HDMI_bsp/ps7_cortexa9_0/include/xaxivdma_i.h:160:36: error: expected declaration specifiers or '...' before 'XAxiVdma_Channel'
 u32 XAxiVdma_ChannelGetEnabledIntr(XAxiVdma_Channel *Channel);
                                    ^~~~~~~~~~~~~~~~
../../Zybo-Z7-10-HDMI_bsp/ps7_cortexa9_0/include/xaxivdma_i.h:161:32: error: expected declaration specifiers or '...' before 'XAxiVdma_Channel'
 void XAxiVdma_ChannelIntrClear(XAxiVdma_Channel *Channel, u32 IntrType);
                                ^~~~~~~~~~~~~~~~
../../Zybo-Z7-10-HDMI_bsp/ps7_cortexa9_0/include/xaxivdma_i.h:162:35: error: expected declaration specifiers or '...' before 'XAxiVdma_Channel'
 int XAxiVdma_ChannelStartTransfer(XAxiVdma_Channel *Channel,
                                   ^~~~~~~~~~~~~~~~
../../Zybo-Z7-10-HDMI_bsp/ps7_cortexa9_0/include/xaxivdma_i.h:163:9: error: expected declaration specifiers or '...' before 'XAxiVdma_ChannelSetup'
         XAxiVdma_ChannelSetup *ChannelCfgPtr);
         ^~~~~~~~~~~~~~~~~~~~~
../../Zybo-Z7-10-HDMI_bsp/ps7_cortexa9_0/include/xaxivdma_i.h:164:32: error: expected declaration specifiers or '...' before 'XAxiVdma_Channel'
 int XAxiVdma_ChannelSetBdAddrs(XAxiVdma_Channel *Channel, UINTPTR BdAddrPhys,
                                ^~~~~~~~~~~~~~~~
../../Zybo-Z7-10-HDMI_bsp/ps7_cortexa9_0/include/xaxivdma_i.h:166:28: error: expected declaration specifiers or '...' before 'XAxiVdma_Channel'
 int XAxiVdma_ChannelConfig(XAxiVdma_Channel *Channel,
                            ^~~~~~~~~~~~~~~~
../../Zybo-Z7-10-HDMI_bsp/ps7_cortexa9_0/include/xaxivdma_i.h:167:9: error: expected declaration specifiers or '...' before 'XAxiVdma_ChannelSetup'
         XAxiVdma_ChannelSetup *ChannelCfgPtr);
         ^~~~~~~~~~~~~~~~~~~~~
../../Zybo-Z7-10-HDMI_bsp/ps7_cortexa9_0/include/xaxivdma_i.h:168:35: error: expected declaration specifiers or '...' before 'XAxiVdma_Channel'
 int XAxiVdma_ChannelSetBufferAddr(XAxiVdma_Channel *Channel, UINTPTR *AddrSet,
                                   ^~~~~~~~~~~~~~~~
../../Zybo-Z7-10-HDMI_bsp/ps7_cortexa9_0/include/xaxivdma_i.h:170:27: error: expected declaration specifiers or '...' before 'XAxiVdma_Channel'
 int XAxiVdma_ChannelStart(XAxiVdma_Channel *Channel);
                           ^~~~~~~~~~~~~~~~
../../Zybo-Z7-10-HDMI_bsp/ps7_cortexa9_0/include/xaxivdma_i.h:171:27: error: expected declaration specifiers or '...' before 'XAxiVdma_Channel'
 void XAxiVdma_ChannelStop(XAxiVdma_Channel *Channel);
                           ^~~~~~~~~~~~~~~~
../../Zybo-Z7-10-HDMI_bsp/ps7_cortexa9_0/include/xaxivdma_i.h:172:31: error: expected declaration specifiers or '...' before 'XAxiVdma_Channel'
 int XAxiVdma_ChannelSetFrmCnt(XAxiVdma_Channel *Channel, u8 FrmCnt,
                               ^~~~~~~~~~~~~~~~
../../Zybo-Z7-10-HDMI_bsp/ps7_cortexa9_0/include/xaxivdma_i.h:174:32: error: expected declaration specifiers or '...' before 'XAxiVdma_Channel'
 void XAxiVdma_ChannelGetFrmCnt(XAxiVdma_Channel *Channel, u8 *FrmCnt,
                                ^~~~~~~~~~~~~~~~
../../Zybo-Z7-10-HDMI_bsp/ps7_cortexa9_0/include/xaxivdma_i.h:176:28: error: expected declaration specifiers or '...' before 'XAxiVdma_Channel'
 u32 XAxiVdma_ChannelErrors(XAxiVdma_Channel *Channel);
                            ^~~~~~~~~~~~~~~~
../../Zybo-Z7-10-HDMI_bsp/ps7_cortexa9_0/include/xaxivdma_i.h:177:34: error: expected declaration specifiers or '...' before 'XAxiVdma_Channel'
 void XAxiVdma_ClearChannelErrors(XAxiVdma_Channel *Channel, u32 ErrorMask);
                                  ^~~~~~~~~~~~~~~~
In file included from ../../Zybo-Z7-10-HDMI_bsp/ps7_cortexa9_0/include/xstatus.h:55:0,
                 from ../../Zybo-Z7-10-HDMI_bsp/ps7_cortexa9_0/include/xaxivdma.h:319,
                 from ../src/video_capture/video_capture.h:75,
                 from ../src/video_demo.c:29:
../../Zybo-Z7-10-HDMI_bsp/ps7_cortexa9_0/include/xil_assert.h:76:12: error: storage class specified for parameter 'Xil_AssertStatus'
 extern u32 Xil_AssertStatus;
            ^~~~~~~~~~~~~~~~
../../Zybo-Z7-10-HDMI_bsp/ps7_cortexa9_0/include/xil_assert.h:77:12: error: storage class specified for parameter 'Xil_AssertWait'
 extern s32 Xil_AssertWait;
            ^~~~~~~~~~~~~~
../../Zybo-Z7-10-HDMI_bsp/ps7_cortexa9_0/include/xil_assert.h:78:13: error: storage class specified for parameter 'Xil_Assert'
 extern void Xil_Assert(const char8 *File, s32 Line);
             ^~~~~~~~~~
../../Zybo-Z7-10-HDMI_bsp/ps7_cortexa9_0/include/xil_assert.h:85:16: error: storage class specified for parameter 'Xil_AssertCallback'
 typedef void (*Xil_AssertCallback) (const char8 *File, s32 Line);
                ^~~~~~~~~~~~~~~~~~
../../Zybo-Z7-10-HDMI_bsp/ps7_cortexa9_0/include/xil_assert.h:186:28: error: expected declaration specifiers or '...' before 'Xil_AssertCallback'
 void Xil_AssertSetCallback(Xil_AssertCallback Routine);
                            ^~~~~~~~~~~~~~~~~~
In file included from ../../Zybo-Z7-10-HDMI_bsp/ps7_cortexa9_0/include/xaxivdma.h:319:0,
                 from ../src/video_capture/video_capture.h:75,
                 from ../src/video_demo.c:29:
../../Zybo-Z7-10-HDMI_bsp/ps7_cortexa9_0/include/xstatus.h:521:13: error: storage class specified for parameter 'XStatus'
 typedef s32 XStatus;
             ^~~~~~~
In file included from ../src/video_capture/video_capture.h:75:0,
                 from ../src/video_demo.c:29:
../../Zybo-Z7-10-HDMI_bsp/ps7_cortexa9_0/include/xaxivdma.h:395:16: error: storage class specified for parameter 'XAxiVdma_CallBack'
 typedef void (*XAxiVdma_CallBack) (void *CallBackRef, u32 InterruptTypes);
                ^~~~~~~~~~~~~~~~~
../../Zybo-Z7-10-HDMI_bsp/ps7_cortexa9_0/include/xaxivdma.h:408:16: error: storage class specified for parameter 'XAxiVdma_ErrorCallBack'
 typedef void (*XAxiVdma_ErrorCallBack) (void *CallBackRef, u32 ErrorMask);
                ^~~~~~~~~~~~~~~~~~~~~~
../../Zybo-Z7-10-HDMI_bsp/ps7_cortexa9_0/include/xaxivdma.h:469:3: error: storage class specified for parameter 'XAxiVdma_Config'
 } XAxiVdma_Config;
   ^~~~~~~~~~~~~~~
../../Zybo-Z7-10-HDMI_bsp/ps7_cortexa9_0/include/xaxivdma.h:490:3: error: storage class specified for parameter 'XAxiVdma_DmaSetup'
 } XAxiVdma_DmaSetup;
   ^~~~~~~~~~~~~~~~~
../../Zybo-Z7-10-HDMI_bsp/ps7_cortexa9_0/include/xaxivdma.h:502:3: error: storage class specified for parameter 'XAxiVdma_FrameCounter'
 } XAxiVdma_FrameCounter;
   ^~~~~~~~~~~~~~~~~~~~~
../../Zybo-Z7-10-HDMI_bsp/ps7_cortexa9_0/include/xaxivdma.h:508:5: error: expected specifier-qualifier-list before 'XAxiVdma_CallBack'
     XAxiVdma_CallBack CompletionCallBack; /**< Call back for completion intr */
     ^~~~~~~~~~~~~~~~~
../../Zybo-Z7-10-HDMI_bsp/ps7_cortexa9_0/include/xaxivdma.h:513:3: error: storage class specified for parameter 'XAxiVdma_ChannelCallBack'
 } XAxiVdma_ChannelCallBack;
   ^~~~~~~~~~~~~~~~~~~~~~~~
../../Zybo-Z7-10-HDMI_bsp/ps7_cortexa9_0/include/xaxivdma.h:533:5: error: expected specifier-qualifier-list before 'XAxiVdma_ChannelCallBack'
     XAxiVdma_ChannelCallBack ReadCallBack;  /**< Call back for read channel */
     ^~~~~~~~~~~~~~~~~~~~~~~~
../../Zybo-Z7-10-HDMI_bsp/ps7_cortexa9_0/include/xaxivdma.h:539:3: error: storage class specified for parameter 'XAxiVdma'
 } XAxiVdma;
   ^~~~~~~~
../../Zybo-Z7-10-HDMI_bsp/ps7_cortexa9_0/include/xaxivdma.h:544:1: error: expected declaration specifiers before 'XAxiVdma_Config'
 XAxiVdma_Config *XAxiVdma_LookupConfig(u16 DeviceId);
 ^~~~~~~~~~~~~~~
../../Zybo-Z7-10-HDMI_bsp/ps7_cortexa9_0/include/xaxivdma.h:546:28: error: expected declaration specifiers or '...' before 'XAxiVdma'
 int XAxiVdma_CfgInitialize(XAxiVdma *InstancePtr, XAxiVdma_Config *CfgPtr,
                            ^~~~~~~~
../../Zybo-Z7-10-HDMI_bsp/ps7_cortexa9_0/include/xaxivdma.h:546:51: error: expected declaration specifiers or '...' before 'XAxiVdma_Config'
 int XAxiVdma_CfgInitialize(XAxiVdma *InstancePtr, XAxiVdma_Config *CfgPtr,
                                                   ^~~~~~~~~~~~~~~
../../Zybo-Z7-10-HDMI_bsp/ps7_cortexa9_0/include/xaxivdma.h:550:21: error: expected declaration specifiers or '...' before 'XAxiVdma'
 void XAxiVdma_Reset(XAxiVdma *InstancePtr, u16 Direction);
                     ^~~~~~~~
../../Zybo-Z7-10-HDMI_bsp/ps7_cortexa9_0/include/xaxivdma.h:551:27: error: expected declaration specifiers or '...' before 'XAxiVdma'
 int XAxiVdma_ResetNotDone(XAxiVdma *InstancePtr, u16 Direction);
                           ^~~~~~~~
../../Zybo-Z7-10-HDMI_bsp/ps7_cortexa9_0/include/xaxivdma.h:552:21: error: expected declaration specifiers or '...' before 'XAxiVdma'
 int XAxiVdma_IsBusy(XAxiVdma *InstancePtr, u16 Direction);
                     ^~~~~~~~
../../Zybo-Z7-10-HDMI_bsp/ps7_cortexa9_0/include/xaxivdma.h:553:29: error: expected declaration specifiers or '...' before 'XAxiVdma'
 u32 XAxiVdma_CurrFrameStore(XAxiVdma *InstancePtr, u16 Direction);
                             ^~~~~~~~
../../Zybo-Z7-10-HDMI_bsp/ps7_cortexa9_0/include/xaxivdma.h:554:25: error: expected declaration specifiers or '...' before 'XAxiVdma'
 u32 XAxiVdma_GetVersion(XAxiVdma *InstancePtr);
                         ^~~~~~~~
../../Zybo-Z7-10-HDMI_bsp/ps7_cortexa9_0/include/xaxivdma.h:555:24: error: expected declaration specifiers or '...' before 'XAxiVdma'
 u32 XAxiVdma_GetStatus(XAxiVdma *InstancePtr, u16 Direction);
                        ^~~~~~~~
../../Zybo-Z7-10-HDMI_bsp/ps7_cortexa9_0/include/xaxivdma.h:556:34: error: expected declaration specifiers or '...' before 'XAxiVdma'
 int XAxiVdma_SetLineBufThreshold(XAxiVdma *InstancePtr, int LineBufThreshold,
                                  ^~~~~~~~
../../Zybo-Z7-10-HDMI_bsp/ps7_cortexa9_0/include/xaxivdma.h:558:27: error: expected declaration specifiers or '...' before 'XAxiVdma'
 int XAxiVdma_StartParking(XAxiVdma *InstancePtr, int FrameIndex,
                           ^~~~~~~~
../../Zybo-Z7-10-HDMI_bsp/ps7_cortexa9_0/include/xaxivdma.h:560:27: error: expected declaration specifiers or '...' before 'XAxiVdma'
 void XAxiVdma_StopParking(XAxiVdma *InstancePtr, u16 Direction);
                           ^~~~~~~~
../../Zybo-Z7-10-HDMI_bsp/ps7_cortexa9_0/include/xaxivdma.h:561:33: error: expected declaration specifiers or '...' before 'XAxiVdma'
 void XAxiVdma_StartFrmCntEnable(XAxiVdma *InstancePtr, u16 Direction);
                                 ^~~~~~~~
../../Zybo-Z7-10-HDMI_bsp/ps7_cortexa9_0/include/xaxivdma.h:563:26: error: expected declaration specifiers or '...' before 'XAxiVdma'
 void XAxiVdma_IntrEnable(XAxiVdma *InstancePtr, u32 IntrType, u16 Direction);
                          ^~~~~~~~
../../Zybo-Z7-10-HDMI_bsp/ps7_cortexa9_0/include/xaxivdma.h:564:27: error: expected declaration specifiers or '...' before 'XAxiVdma'
 void XAxiVdma_IntrDisable(XAxiVdma *InstancePtr, u32 IntrType ,u16 Direction);
                           ^~~~~~~~
../../Zybo-Z7-10-HDMI_bsp/ps7_cortexa9_0/include/xaxivdma.h:565:29: error: expected declaration specifiers or '...' before 'XAxiVdma'
 u32 XAxiVdma_IntrGetPending(XAxiVdma *InstancePtr, u16 Direction);
                             ^~~~~~~~
../../Zybo-Z7-10-HDMI_bsp/ps7_cortexa9_0/include/xaxivdma.h:566:25: error: expected declaration specifiers or '...' before 'XAxiVdma'
 void XAxiVdma_IntrClear(XAxiVdma *InstancePtr, u32 IntrType ,u16 Direction);
                         ^~~~~~~~
../../Zybo-Z7-10-HDMI_bsp/ps7_cortexa9_0/include/xaxivdma.h:568:25: error: expected declaration specifiers or '...' before 'XAxiVdma'
 int XAxiVdma_SetBdAddrs(XAxiVdma *InstancePtr, u32 BdAddrPhys, u32 BdAddrVirt,
                         ^~~~~~~~
../../Zybo-Z7-10-HDMI_bsp/ps7_cortexa9_0/include/xaxivdma.h:571:1: error: expected declaration specifiers before 'XAxiVdma_Channel'
 XAxiVdma_Channel *XAxiVdma_GetChannel(XAxiVdma *InstancePtr, u16 Direction);
 ^~~~~~~~~~~~~~~~
../../Zybo-Z7-10-HDMI_bsp/ps7_cortexa9_0/include/xaxivdma.h:572:26: error: expected declaration specifiers or '...' before 'XAxiVdma'
 int XAxiVdma_SetFrmStore(XAxiVdma *InstancePtr, u8 FrmStoreNum, u16 Direction);
                          ^~~~~~~~
../../Zybo-Z7-10-HDMI_bsp/ps7_cortexa9_0/include/xaxivdma.h:573:27: error: expected declaration specifiers or '...' before 'XAxiVdma'
 void XAxiVdma_GetFrmStore(XAxiVdma *InstancePtr, u8 *FrmStoreNum,
                           ^~~~~~~~
../../Zybo-Z7-10-HDMI_bsp/ps7_cortexa9_0/include/xaxivdma.h:575:29: error: expected declaration specifiers or '...' before 'XAxiVdma'
 int XAxiVdma_FsyncSrcSelect(XAxiVdma *InstancePtr, u32 Source,
                             ^~~~~~~~
../../Zybo-Z7-10-HDMI_bsp/ps7_cortexa9_0/include/xaxivdma.h:577:34: error: expected declaration specifiers or '...' before 'XAxiVdma'
 int XAxiVdma_GenLockSourceSelect(XAxiVdma *InstancePtr, u32 Source,
                                  ^~~~~~~~
../../Zybo-Z7-10-HDMI_bsp/ps7_cortexa9_0/include/xaxivdma.h:579:34: error: expected declaration specifiers or '...' before 'XAxiVdma'
 int XAxiVdma_GetDmaChannelErrors(XAxiVdma *InstancePtr, u16 Direction);
                                  ^~~~~~~~
../../Zybo-Z7-10-HDMI_bsp/ps7_cortexa9_0/include/xaxivdma.h:580:36: error: expected declaration specifiers or '...' before 'XAxiVdma'
 int XAxiVdma_ClearDmaChannelErrors(XAxiVdma *InstancePtr, u16 Direction,
                                    ^~~~~~~~
../../Zybo-Z7-10-HDMI_bsp/ps7_cortexa9_0/include/xaxivdma.h:582:30: error: expected declaration specifiers or '...' before 'XAxiVdma'
 int XAxiVdma_MaskS2MMErrIntr(XAxiVdma *InstancePtr, u32 ErrorMask,
                              ^~~~~~~~
../../Zybo-Z7-10-HDMI_bsp/ps7_cortexa9_0/include/xaxivdma.h:586:30: error: expected declaration specifiers or '...' before 'XAxiVdma'
 int XAxiVdma_StartWriteFrame(XAxiVdma *InstancePtr,
                              ^~~~~~~~
../../Zybo-Z7-10-HDMI_bsp/ps7_cortexa9_0/include/xaxivdma.h:587:9: error: expected declaration specifiers or '...' before 'XAxiVdma_DmaSetup'
         XAxiVdma_DmaSetup *DmaConfigPtr);
         ^~~~~~~~~~~~~~~~~
../../Zybo-Z7-10-HDMI_bsp/ps7_cortexa9_0/include/xaxivdma.h:588:29: error: expected declaration specifiers or '...' before 'XAxiVdma'
 int XAxiVdma_StartReadFrame(XAxiVdma *InstancePtr,
                             ^~~~~~~~
../../Zybo-Z7-10-HDMI_bsp/ps7_cortexa9_0/include/xaxivdma.h:589:9: error: expected declaration specifiers or '...' before 'XAxiVdma_DmaSetup'
         XAxiVdma_DmaSetup *DmaConfigPtr);
         ^~~~~~~~~~~~~~~~~
../../Zybo-Z7-10-HDMI_bsp/ps7_cortexa9_0/include/xaxivdma.h:591:24: error: expected declaration specifiers or '...' before 'XAxiVdma'
 int XAxiVdma_DmaConfig(XAxiVdma *InstancePtr, u16 Direction,
                        ^~~~~~~~
../../Zybo-Z7-10-HDMI_bsp/ps7_cortexa9_0/include/xaxivdma.h:592:9: error: expected declaration specifiers or '...' before 'XAxiVdma_DmaSetup'
         XAxiVdma_DmaSetup *DmaConfigPtr);
         ^~~~~~~~~~~~~~~~~
../../Zybo-Z7-10-HDMI_bsp/ps7_cortexa9_0/include/xaxivdma.h:593:31: error: expected declaration specifiers or '...' before 'XAxiVdma'
 int XAxiVdma_DmaSetBufferAddr(XAxiVdma *InstancePtr, u16 Direction,
                               ^~~~~~~~
../../Zybo-Z7-10-HDMI_bsp/ps7_cortexa9_0/include/xaxivdma.h:595:23: error: expected declaration specifiers or '...' before 'XAxiVdma'
 int XAxiVdma_DmaStart(XAxiVdma *InstancePtr, u16 Direction);
                       ^~~~~~~~
../../Zybo-Z7-10-HDMI_bsp/ps7_cortexa9_0/include/xaxivdma.h:596:23: error: expected declaration specifiers or '...' before 'XAxiVdma'
 void XAxiVdma_DmaStop(XAxiVdma *InstancePtr, u16 Direction);
                       ^~~~~~~~
../../Zybo-Z7-10-HDMI_bsp/ps7_cortexa9_0/include/xaxivdma.h:597:31: error: expected declaration specifiers or '...' before 'XAxiVdma'
 void XAxiVdma_DmaRegisterDump(XAxiVdma *InstancePtr, u16 Direction);
                               ^~~~~~~~
../../Zybo-Z7-10-HDMI_bsp/ps7_cortexa9_0/include/xaxivdma.h:599:30: error: expected declaration specifiers or '...' before 'XAxiVdma'
 int XAxiVdma_SetFrameCounter(XAxiVdma *InstancePtr,
                              ^~~~~~~~
../../Zybo-Z7-10-HDMI_bsp/ps7_cortexa9_0/include/xaxivdma.h:600:9: error: expected declaration specifiers or '...' before 'XAxiVdma_FrameCounter'
         XAxiVdma_FrameCounter *FrameCounterCfgPtr);
         ^~~~~~~~~~~~~~~~~~~~~
../../Zybo-Z7-10-HDMI_bsp/ps7_cortexa9_0/include/xaxivdma.h:601:31: error: expected declaration specifiers or '...' before 'XAxiVdma'
 void XAxiVdma_GetFrameCounter(XAxiVdma *InstancePtr,
                               ^~~~~~~~
../../Zybo-Z7-10-HDMI_bsp/ps7_cortexa9_0/include/xaxivdma.h:602:10: error: expected declaration specifiers or '...' before 'XAxiVdma_FrameCounter'
          XAxiVdma_FrameCounter *FrameCounterCfgPtr);
          ^~~~~~~~~~~~~~~~~~~~~
../../Zybo-Z7-10-HDMI_bsp/ps7_cortexa9_0/include/xaxivdma.h:609:26: error: expected declaration specifiers or '...' before 'XAxiVdma'
 int XAxiVdma_SetCallBack(XAxiVdma * InstancePtr, u32 HandlerType,
                          ^~~~~~~~
../../Zybo-Z7-10-HDMI_bsp/ps7_cortexa9_0/include/xaxivdma.h:611:23: error: expected declaration specifiers or '...' before 'XAxiVdma'
 int XAxiVdma_Selftest(XAxiVdma * InstancePtr);
                       ^~~~~~~~
In file included from ../src/video_capture/video_capture.h:76:0,
                 from ../src/video_demo.c:29:
../../Zybo-Z7-10-HDMI_bsp/ps7_cortexa9_0/include/xvtc.h:376:3: error: storage class specified for parameter 'XVtc_Config'
 } XVtc_Config;
   ^~~~~~~~~~~
../../Zybo-Z7-10-HDMI_bsp/ps7_cortexa9_0/include/xvtc.h:390:3: error: storage class specified for parameter 'XVtc_Polarity'
 } XVtc_Polarity;
   ^~~~~~~~~~~~~
../../Zybo-Z7-10-HDMI_bsp/ps7_cortexa9_0/include/xvtc.h:427:3: error: storage class specified for parameter 'XVtc_SourceSelect'
 } XVtc_SourceSelect;
   ^~~~~~~~~~~~~~~~~
../../Zybo-Z7-10-HDMI_bsp/ps7_cortexa9_0/include/xvtc.h:467:3: error: storage class specified for parameter 'XVtc_Signal'
 } XVtc_Signal;
   ^~~~~~~~~~~
../../Zybo-Z7-10-HDMI_bsp/ps7_cortexa9_0/include/xvtc.h:490:3: error: storage class specified for parameter 'XVtc_HoriOffsets'
 } XVtc_HoriOffsets;
   ^~~~~~~~~~~~~~~~
../../Zybo-Z7-10-HDMI_bsp/ps7_cortexa9_0/include/xvtc.h:517:3: error: storage class specified for parameter 'XVtc_Timing'
 } XVtc_Timing;
   ^~~~~~~~~~~
../../Zybo-Z7-10-HDMI_bsp/ps7_cortexa9_0/include/xvtc.h:535:16: error: storage class specified for parameter 'XVtc_CallBack'
 typedef void (*XVtc_CallBack)(void *CallBackRef, u32 Mask);
                ^~~~~~~~~~~~~
../../Zybo-Z7-10-HDMI_bsp/ps7_cortexa9_0/include/xvtc.h:553:16: error: storage class specified for parameter 'XVtc_ErrorCallBack'
 typedef void (*XVtc_ErrorCallBack)(void *CallBackRef, u32 ErrorMask);
                ^~~~~~~~~~~~~~~~~~
../../Zybo-Z7-10-HDMI_bsp/ps7_cortexa9_0/include/xvtc.h:560:2: error: expected specifier-qualifier-list before 'XVtc_Config'
  XVtc_Config Config; /**< Hardware Configuration */
  ^~~~~~~~~~~
../../Zybo-Z7-10-HDMI_bsp/ps7_cortexa9_0/include/xvtc.h:587:3: error: storage class specified for parameter 'XVtc'
 } XVtc;
   ^~~~
../../Zybo-Z7-10-HDMI_bsp/ps7_cortexa9_0/include/xvtc.h:874:24: error: expected declaration specifiers or '...' before 'XVtc'
 int XVtc_CfgInitialize(XVtc *InstancePtr, XVtc_Config *CfgPtr,
                        ^~~~
../../Zybo-Z7-10-HDMI_bsp/ps7_cortexa9_0/include/xvtc.h:874:43: error: expected declaration specifiers or '...' before 'XVtc_Config'
 int XVtc_CfgInitialize(XVtc *InstancePtr, XVtc_Config *CfgPtr,
                                           ^~~~~~~~~~~
../../Zybo-Z7-10-HDMI_bsp/ps7_cortexa9_0/include/xvtc.h:878:27: error: expected declaration specifiers or '...' before 'XVtc'
 void XVtc_EnableGenerator(XVtc *InstancePtr);
                           ^~~~
../../Zybo-Z7-10-HDMI_bsp/ps7_cortexa9_0/include/xvtc.h:879:26: error: expected declaration specifiers or '...' before 'XVtc'
 void XVtc_EnableDetector(XVtc *InstancePtr);
                          ^~~~
../../Zybo-Z7-10-HDMI_bsp/ps7_cortexa9_0/include/xvtc.h:880:18: error: expected declaration specifiers or '...' before 'XVtc'
 void XVtc_Enable(XVtc *InstancePtr);
                  ^~~~
../../Zybo-Z7-10-HDMI_bsp/ps7_cortexa9_0/include/xvtc.h:881:28: error: expected declaration specifiers or '...' before 'XVtc'
 void XVtc_DisableGenerator(XVtc *InstancePtr);
                            ^~~~
../../Zybo-Z7-10-HDMI_bsp/ps7_cortexa9_0/include/xvtc.h:882:27: error: expected declaration specifiers or '...' before 'XVtc'
 void XVtc_DisableDetector(XVtc *InstancePtr);
                           ^~~~
../../Zybo-Z7-10-HDMI_bsp/ps7_cortexa9_0/include/xvtc.h:883:19: error: expected declaration specifiers or '...' before 'XVtc'
 void XVtc_Disable(XVtc *InstancePtr);
                   ^~~~
../../Zybo-Z7-10-HDMI_bsp/ps7_cortexa9_0/include/xvtc.h:886:32: error: expected declaration specifiers or '...' before 'XVtc'
 void XVtc_ConvVideoMode2Timing(XVtc *InstancePtr, u16 Mode,
                                ^~~~
../../Zybo-Z7-10-HDMI_bsp/ps7_cortexa9_0/include/xvtc.h:887:3: error: expected declaration specifiers or '...' before 'XVtc_Timing'
   XVtc_Timing *TimingPtr);
   ^~~~~~~~~~~
../../Zybo-Z7-10-HDMI_bsp/ps7_cortexa9_0/include/xvtc.h:888:29: error: expected declaration specifiers or '...' before 'XVtc'
 void XVtc_ConvTiming2Signal(XVtc *InstancePtr, XVtc_Timing *TimingPtr,
                             ^~~~
../../Zybo-Z7-10-HDMI_bsp/ps7_cortexa9_0/include/xvtc.h:888:48: error: expected declaration specifiers or '...' before 'XVtc_Timing'
 void XVtc_ConvTiming2Signal(XVtc *InstancePtr, XVtc_Timing *TimingPtr,
                                                ^~~~~~~~~~~
../../Zybo-Z7-10-HDMI_bsp/ps7_cortexa9_0/include/xvtc.h:889:3: error: expected declaration specifiers or '...' before 'XVtc_Signal'
   XVtc_Signal *SignalCfgPtr, XVtc_HoriOffsets *HOffPtr,
   ^~~~~~~~~~~
../../Zybo-Z7-10-HDMI_bsp/ps7_cortexa9_0/include/xvtc.h:889:30: error: expected declaration specifiers or '...' before 'XVtc_HoriOffsets'
   XVtc_Signal *SignalCfgPtr, XVtc_HoriOffsets *HOffPtr,
                              ^~~~~~~~~~~~~~~~
../../Zybo-Z7-10-HDMI_bsp/ps7_cortexa9_0/include/xvtc.h:890:3: error: expected declaration specifiers or '...' before 'XVtc_Polarity'
   XVtc_Polarity *PolarityPtr);
   ^~~~~~~~~~~~~
../../Zybo-Z7-10-HDMI_bsp/ps7_cortexa9_0/include/xvtc.h:891:29: error: expected declaration specifiers or '...' before 'XVtc'
 void XVtc_ConvSignal2Timing(XVtc *InstancePtr, XVtc_Signal *SignalCfgPtr,
                             ^~~~
../../Zybo-Z7-10-HDMI_bsp/ps7_cortexa9_0/include/xvtc.h:891:48: error: expected declaration specifiers or '...' before 'XVtc_Signal'
 void XVtc_ConvSignal2Timing(XVtc *InstancePtr, XVtc_Signal *SignalCfgPtr,
                                                ^~~~~~~~~~~
../../Zybo-Z7-10-HDMI_bsp/ps7_cortexa9_0/include/xvtc.h:892:3: error: expected declaration specifiers or '...' before 'XVtc_HoriOffsets'
   XVtc_HoriOffsets *HOffPtr, XVtc_Polarity *PolarityPtr,
   ^~~~~~~~~~~~~~~~
../../Zybo-Z7-10-HDMI_bsp/ps7_cortexa9_0/include/xvtc.h:892:30: error: expected declaration specifiers or '...' before 'XVtc_Polarity'
   XVtc_HoriOffsets *HOffPtr, XVtc_Polarity *PolarityPtr,
                              ^~~~~~~~~~~~~
../../Zybo-Z7-10-HDMI_bsp/ps7_cortexa9_0/include/xvtc.h:893:3: error: expected declaration specifiers or '...' before 'XVtc_Timing'
   XVtc_Timing *TimingPtr);
   ^~~~~~~~~~~
../../Zybo-Z7-10-HDMI_bsp/ps7_cortexa9_0/include/xvtc.h:894:31: error: expected declaration specifiers or '...' before 'XVtc'
 u16 XVtc_ConvTiming2VideoMode(XVtc *InstancePtr, XVtc_Timing *TimingPtr);
                               ^~~~
../../Zybo-Z7-10-HDMI_bsp/ps7_cortexa9_0/include/xvtc.h:894:50: error: expected declaration specifiers or '...' before 'XVtc_Timing'
 u16 XVtc_ConvTiming2VideoMode(XVtc *InstancePtr, XVtc_Timing *TimingPtr);
                                                  ^~~~~~~~~~~
../../Zybo-Z7-10-HDMI_bsp/ps7_cortexa9_0/include/xvtc.h:897:30: error: expected declaration specifiers or '...' before 'XVtc'
 void XVtc_SetGeneratorTiming(XVtc *InstancePtr, XVtc_Timing * TimingPtr);
                              ^~~~
../../Zybo-Z7-10-HDMI_bsp/ps7_cortexa9_0/include/xvtc.h:897:49: error: expected declaration specifiers or '...' before 'XVtc_Timing'
 void XVtc_SetGeneratorTiming(XVtc *InstancePtr, XVtc_Timing * TimingPtr);
                                                 ^~~~~~~~~~~
../../Zybo-Z7-10-HDMI_bsp/ps7_cortexa9_0/include/xvtc.h:898:33: error: expected declaration specifiers or '...' before 'XVtc'
 void XVtc_SetGeneratorVideoMode(XVtc *InstancePtr, u16 Mode);
                                 ^~~~
../../Zybo-Z7-10-HDMI_bsp/ps7_cortexa9_0/include/xvtc.h:899:30: error: expected declaration specifiers or '...' before 'XVtc'
 void XVtc_GetGeneratorTiming(XVtc *InstancePtr, XVtc_Timing *TimingPtr);
                              ^~~~
../../Zybo-Z7-10-HDMI_bsp/ps7_cortexa9_0/include/xvtc.h:899:49: error: expected declaration specifiers or '...' before 'XVtc_Timing'
 void XVtc_GetGeneratorTiming(XVtc *InstancePtr, XVtc_Timing *TimingPtr);
                                                 ^~~~~~~~~~~
../../Zybo-Z7-10-HDMI_bsp/ps7_cortexa9_0/include/xvtc.h:900:33: error: expected declaration specifiers or '...' before 'XVtc'
 u16  XVtc_GetGeneratorVideoMode(XVtc *InstancePtr);
                                 ^~~~
../../Zybo-Z7-10-HDMI_bsp/ps7_cortexa9_0/include/xvtc.h:901:29: error: expected declaration specifiers or '...' before 'XVtc'
 void XVtc_GetDetectorTiming(XVtc *InstancePtr, XVtc_Timing *TimingPtr);
                             ^~~~
../../Zybo-Z7-10-HDMI_bsp/ps7_cortexa9_0/include/xvtc.h:901:48: error: expected declaration specifiers or '...' before 'XVtc_Timing'
 void XVtc_GetDetectorTiming(XVtc *InstancePtr, XVtc_Timing *TimingPtr);
                                                ^~~~~~~~~~~
../../Zybo-Z7-10-HDMI_bsp/ps7_cortexa9_0/include/xvtc.h:902:32: error: expected declaration specifiers or '...' before 'XVtc'
 u16  XVtc_GetDetectorVideoMode(XVtc *InstancePtr);
                                ^~~~
../../Zybo-Z7-10-HDMI_bsp/ps7_cortexa9_0/include/xvtc.h:905:23: error: expected declaration specifiers or '...' before 'XVtc'
 void XVtc_SetPolarity(XVtc *InstancePtr, XVtc_Polarity *PolarityPtr);
                       ^~~~
../../Zybo-Z7-10-HDMI_bsp/ps7_cortexa9_0/include/xvtc.h:905:42: error: expected declaration specifiers or '...' before 'XVtc_Polarity'
 void XVtc_SetPolarity(XVtc *InstancePtr, XVtc_Polarity *PolarityPtr);
                                          ^~~~~~~~~~~~~
../../Zybo-Z7-10-HDMI_bsp/ps7_cortexa9_0/include/xvtc.h:906:23: error: expected declaration specifiers or '...' before 'XVtc'
 void XVtc_GetPolarity(XVtc *InstancePtr, XVtc_Polarity *PolarityPtr);
                       ^~~~
../../Zybo-Z7-10-HDMI_bsp/ps7_cortexa9_0/include/xvtc.h:906:42: error: expected declaration specifiers or '...' before 'XVtc_Polarity'
 void XVtc_GetPolarity(XVtc *InstancePtr, XVtc_Polarity *PolarityPtr);
                                          ^~~~~~~~~~~~~
../../Zybo-Z7-10-HDMI_bsp/ps7_cortexa9_0/include/xvtc.h:907:31: error: expected declaration specifiers or '...' before 'XVtc'
 void XVtc_GetDetectorPolarity(XVtc *InstancePtr, XVtc_Polarity *PolarityPtr);
                               ^~~~
../../Zybo-Z7-10-HDMI_bsp/ps7_cortexa9_0/include/xvtc.h:907:50: error: expected declaration specifiers or '...' before 'XVtc_Polarity'
 void XVtc_GetDetectorPolarity(XVtc *InstancePtr, XVtc_Polarity *PolarityPtr);
                                                  ^~~~~~~~~~~~~
../../Zybo-Z7-10-HDMI_bsp/ps7_cortexa9_0/include/xvtc.h:910:21: error: expected declaration specifiers or '...' before 'XVtc'
 void XVtc_SetSource(XVtc *InstancePtr, XVtc_SourceSelect *SourcePtr);
                     ^~~~
../../Zybo-Z7-10-HDMI_bsp/ps7_cortexa9_0/include/xvtc.h:910:40: error: expected declaration specifiers or '...' before 'XVtc_SourceSelect'
 void XVtc_SetSource(XVtc *InstancePtr, XVtc_SourceSelect *SourcePtr);
                                        ^~~~~~~~~~~~~~~~~
../../Zybo-Z7-10-HDMI_bsp/ps7_cortexa9_0/include/xvtc.h:911:21: error: expected declaration specifiers or '...' before 'XVtc'
 void XVtc_GetSource(XVtc *InstancePtr, XVtc_SourceSelect *SourcePtr);
                     ^~~~
../../Zybo-Z7-10-HDMI_bsp/ps7_cortexa9_0/include/xvtc.h:911:40: error: expected declaration specifiers or '...' before 'XVtc_SourceSelect'
 void XVtc_GetSource(XVtc *InstancePtr, XVtc_SourceSelect *SourcePtr);
                                        ^~~~~~~~~~~~~~~~~
../../Zybo-Z7-10-HDMI_bsp/ps7_cortexa9_0/include/xvtc.h:914:23: error: expected declaration specifiers or '...' before 'XVtc'
 void XVtc_SetSkipLine(XVtc *InstancePtr, int GeneratorChromaSkip);
                       ^~~~
../../Zybo-Z7-10-HDMI_bsp/ps7_cortexa9_0/include/xvtc.h:915:23: error: expected declaration specifiers or '...' before 'XVtc'
 void XVtc_GetSkipLine(XVtc *InstancePtr, int *GeneratorChromaSkipPtr);
                       ^~~~
../../Zybo-Z7-10-HDMI_bsp/ps7_cortexa9_0/include/xvtc.h:916:24: error: expected declaration specifiers or '...' before 'XVtc'
 void XVtc_SetSkipPixel(XVtc *InstancePtr, int GeneratorChromaSkip);
                        ^~~~
../../Zybo-Z7-10-HDMI_bsp/ps7_cortexa9_0/include/xvtc.h:917:24: error: expected declaration specifiers or '...' before 'XVtc'
 void XVtc_GetSkipPixel(XVtc *InstancePtr, int *GeneratorChromaSkipPtr);
                        ^~~~
../../Zybo-Z7-10-HDMI_bsp/ps7_cortexa9_0/include/xvtc.h:920:24: error: expected declaration specifiers or '...' before 'XVtc'
 void XVtc_SetGenerator(XVtc *InstancePtr, XVtc_Signal *SignalCfgPtr);
                        ^~~~
../../Zybo-Z7-10-HDMI_bsp/ps7_cortexa9_0/include/xvtc.h:920:43: error: expected declaration specifiers or '...' before 'XVtc_Signal'
 void XVtc_SetGenerator(XVtc *InstancePtr, XVtc_Signal *SignalCfgPtr);
                                           ^~~~~~~~~~~
../../Zybo-Z7-10-HDMI_bsp/ps7_cortexa9_0/include/xvtc.h:921:24: error: expected declaration specifiers or '...' before 'XVtc'
 void XVtc_GetGenerator(XVtc *InstancePtr, XVtc_Signal *SignalCfgPtr);
                        ^~~~
../../Zybo-Z7-10-HDMI_bsp/ps7_cortexa9_0/include/xvtc.h:921:43: error: expected declaration specifiers or '...' before 'XVtc_Signal'
 void XVtc_GetGenerator(XVtc *InstancePtr, XVtc_Signal *SignalCfgPtr);
                                           ^~~~~~~~~~~
../../Zybo-Z7-10-HDMI_bsp/ps7_cortexa9_0/include/xvtc.h:922:23: error: expected declaration specifiers or '...' before 'XVtc'
 void XVtc_GetDetector(XVtc *InstancePtr, XVtc_Signal *SignalCfgPtr);
                       ^~~~
../../Zybo-Z7-10-HDMI_bsp/ps7_cortexa9_0/include/xvtc.h:922:42: error: expected declaration specifiers or '...' before 'XVtc_Signal'
 void XVtc_GetDetector(XVtc *InstancePtr, XVtc_Signal *SignalCfgPtr);
                                          ^~~~~~~~~~~
../../Zybo-Z7-10-HDMI_bsp/ps7_cortexa9_0/include/xvtc.h:925:20: error: expected declaration specifiers or '...' before 'XVtc'
 void XVtc_SetDelay(XVtc *InstancePtr, int VertDelay, int HoriDelay);
                    ^~~~
../../Zybo-Z7-10-HDMI_bsp/ps7_cortexa9_0/include/xvtc.h:926:20: error: expected declaration specifiers or '...' before 'XVtc'
 void XVtc_GetDelay(XVtc *InstancePtr, int *VertDelayPtr, int *HoriDelayPtr);
                    ^~~~
../../Zybo-Z7-10-HDMI_bsp/ps7_cortexa9_0/include/xvtc.h:929:20: error: expected declaration specifiers or '...' before 'XVtc'
 void XVtc_SetFSync(XVtc *InstancePtr, u16 FrameSyncIndex,
                    ^~~~
../../Zybo-Z7-10-HDMI_bsp/ps7_cortexa9_0/include/xvtc.h:931:20: error: expected declaration specifiers or '...' before 'XVtc'
 void XVtc_GetFSync(XVtc *InstancePtr, u16 FrameSyncIndex,
                    ^~~~
../../Zybo-Z7-10-HDMI_bsp/ps7_cortexa9_0/include/xvtc.h:935:34: error: expected declaration specifiers or '...' before 'XVtc'
 void XVtc_SetGeneratorHoriOffset(XVtc *InstancePtr,
                                  ^~~~
../../Zybo-Z7-10-HDMI_bsp/ps7_cortexa9_0/include/xvtc.h:936:7: error: expected declaration specifiers or '...' before 'XVtc_HoriOffsets'
       XVtc_HoriOffsets *HoriOffset);
       ^~~~~~~~~~~~~~~~
../../Zybo-Z7-10-HDMI_bsp/ps7_cortexa9_0/include/xvtc.h:937:34: error: expected declaration specifiers or '...' before 'XVtc'
 void XVtc_GetGeneratorHoriOffset(XVtc *InstancePtr,
                                  ^~~~
../../Zybo-Z7-10-HDMI_bsp/ps7_cortexa9_0/include/xvtc.h:938:7: error: expected declaration specifiers or '...' before 'XVtc_HoriOffsets'
       XVtc_HoriOffsets *HoriOffset);
       ^~~~~~~~~~~~~~~~
../../Zybo-Z7-10-HDMI_bsp/ps7_cortexa9_0/include/xvtc.h:939:33: error: expected declaration specifiers or '...' before 'XVtc'
 void XVtc_GetDetectorHoriOffset(XVtc *InstancePtr,
                                 ^~~~
../../Zybo-Z7-10-HDMI_bsp/ps7_cortexa9_0/include/xvtc.h:940:7: error: expected declaration specifiers or '...' before 'XVtc_HoriOffsets'
       XVtc_HoriOffsets *HoriOffset);
       ^~~~~~~~~~~~~~~~
../../Zybo-Z7-10-HDMI_bsp/ps7_cortexa9_0/include/xvtc.h:943:21: error: expected declaration specifiers or '...' before 'XVtc'
 u32 XVtc_GetVersion(XVtc *InstancePtr);
                     ^~~~
../../Zybo-Z7-10-HDMI_bsp/ps7_cortexa9_0/include/xvtc.h:946:1: error: expected declaration specifiers before 'XVtc_Config'
 XVtc_Config *XVtc_LookupConfig(u16 DeviceId);
 ^~~~~~~~~~~
../../Zybo-Z7-10-HDMI_bsp/ps7_cortexa9_0/include/xvtc.h:952:22: error: expected declaration specifiers or '...' before 'XVtc'
 int XVtc_SetCallBack(XVtc *InstancePtr, u32 IntrType,
                      ^~~~
../../Zybo-Z7-10-HDMI_bsp/ps7_cortexa9_0/include/xvtc.h:956:19: error: expected declaration specifiers or '...' before 'XVtc'
 int XVtc_SelfTest(XVtc *InstancePtr);
                   ^~~~
[...]
19:58:23 **** Auto Build of configuration Debug for project Zybo-Z7-10-HDMI ****
make pre-build main-build 
a9-linaro-pre-build-step
' '
'Building file: ../src/video_demo.c'
'Invoking: ARM v7 gcc compiler'
arm-none-eabi-gcc -Wall -O0 -g3 -c -fmessage-length=0 -MT"src/video_demo.o" -mcpu=cortex-a9 -mfpu=vfpv3 -mfloat-abi=hard -I../../Zybo-Z7-10-HDMI_bsp/ps7_cortexa9_0/include -MMD -MP -MF"src/video_demo.d" -MT"src/video_demo.o" -o "src/video_demo.o" "../src/video_demo.c"
../src/video_demo.c: In function 'RunSimonSays':
../src/video_demo.c:270:3: error: expected ';' before 'for'
   for(int c = 0; c < round; c++){
   ^~~
../src/video_demo.c:294:4: error: 'userInput' undeclared (first use in this function)
    userInput = XUartPs_ReadReg(UART_BASEADDR, XUARTPS_FIFO_OFFSET);
    ^~~~~~~~~
../src/video_demo.c:294:4: note: each undeclared identifier is reported only once for each function it appears in
../src/video_demo.c:247:6: warning: variable 'sequence' set but not used [-Wunused-but-set-variable]
  int sequence[SeqLen];
      ^~~~~~~~
make: *** [src/video_demo.o] Error 1
19:58:27 **** Auto Build of configuration Debug for project Zybo-Z7-10-HDMI ****
make pre-build main-build 
a9-linaro-pre-build-step
' '
'Building file: ../src/video_demo.c'
'Invoking: ARM v7 gcc compiler'
arm-none-eabi-gcc -Wall -O0 -g3 -c -fmessage-length=0 -MT"src/video_demo.o" -mcpu=cortex-a9 -mfpu=vfpv3 -mfloat-abi=hard -I../../Zybo-Z7-10-HDMI_bsp/ps7_cortexa9_0/include -MMD -MP -MF"src/video_demo.d" -MT"src/video_demo.o" -o "src/video_demo.o" "../src/video_demo.c"
'Finished building: ../src/video_demo.c'
' '
'Building target: Zybo-Z7-10-HDMI.elf'
'Invoking: ARM v7 gcc linker'
arm-none-eabi-gcc -mcpu=cortex-a9 -mfpu=vfpv3 -mfloat-abi=hard -Wl,-build-id=none -specs=Xilinx.spec -Wl,-T -Wl,../src/lscript.ld -L../../Zybo-Z7-10-HDMI_bsp/ps7_cortexa9_0/lib -o "Zybo-Z7-10-HDMI.elf"  ./src/video_capture/video_capture.o  ./src/timer_ps/timer_ps.o  ./src/intc/intc.o  ./src/dynclk/dynclk.o  ./src/display_ctrl/display_ctrl.o  ./src/video_demo.o   -Wl,--start-group,-lxil,-lgcc,-lc,--end-group
'Finished building target: Zybo-Z7-10-HDMI.elf'
' '
'Invoking: ARM v7 Print Size'
arm-none-eabi-size Zybo-Z7-10-HDMI.elf  |tee "Zybo-Z7-10-HDMI.elf.size"
   text	   data	    bss	    dec	    hex	filename
  65788	   2888	18688176	18756852	11e34f4	Zybo-Z7-10-HDMI.elf
'Finished building: Zybo-Z7-10-HDMI.elf.size'
' '
19:59:20 **** Auto Build of configuration Debug for project Zybo-Z7-10-HDMI ****
make pre-build main-build 
a9-linaro-pre-build-step
' '
'Building file: ../src/video_demo.c'
'Invoking: ARM v7 gcc compiler'
arm-none-eabi-gcc -Wall -O0 -g3 -c -fmessage-length=0 -MT"src/video_demo.o" -mcpu=cortex-a9 -mfpu=vfpv3 -mfloat-abi=hard -I../../Zybo-Z7-10-HDMI_bsp/ps7_cortexa9_0/include -MMD -MP -MF"src/video_demo.d" -MT"src/video_demo.o" -o "src/video_demo.o" "../src/video_demo.c"
'Finished building: ../src/video_demo.c'
' '
'Building target: Zybo-Z7-10-HDMI.elf'
'Invoking: ARM v7 gcc linker'
arm-none-eabi-gcc -mcpu=cortex-a9 -mfpu=vfpv3 -mfloat-abi=hard -Wl,-build-id=none -specs=Xilinx.spec -Wl,-T -Wl,../src/lscript.ld -L../../Zybo-Z7-10-HDMI_bsp/ps7_cortexa9_0/lib -o "Zybo-Z7-10-HDMI.elf"  ./src/video_capture/video_capture.o  ./src/timer_ps/timer_ps.o  ./src/intc/intc.o  ./src/dynclk/dynclk.o  ./src/display_ctrl/display_ctrl.o  ./src/video_demo.o   -Wl,--start-group,-lxil,-lgcc,-lc,--end-group
'Finished building target: Zybo-Z7-10-HDMI.elf'
' '
'Invoking: ARM v7 Print Size'
arm-none-eabi-size Zybo-Z7-10-HDMI.elf  |tee "Zybo-Z7-10-HDMI.elf.size"
   text	   data	    bss	    dec	    hex	filename
  65788	   2888	18688176	18756852	11e34f4	Zybo-Z7-10-HDMI.elf
'Finished building: Zybo-Z7-10-HDMI.elf.size'
' '
19:59:26 **** Auto Build of configuration Debug for project Zybo-Z7-10-HDMI ****
make pre-build main-build 
a9-linaro-pre-build-step
' '
'Building file: ../src/video_demo.c'
'Invoking: ARM v7 gcc compiler'
arm-none-eabi-gcc -Wall -O0 -g3 -c -fmessage-length=0 -MT"src/video_demo.o" -mcpu=cortex-a9 -mfpu=vfpv3 -mfloat-abi=hard -I../../Zybo-Z7-10-HDMI_bsp/ps7_cortexa9_0/include -MMD -MP -MF"src/video_demo.d" -MT"src/video_demo.o" -o "src/video_demo.o" "../src/video_demo.c"
'Finished building: ../src/video_demo.c'
' '
'Building target: Zybo-Z7-10-HDMI.elf'
'Invoking: ARM v7 gcc linker'
arm-none-eabi-gcc -mcpu=cortex-a9 -mfpu=vfpv3 -mfloat-abi=hard -Wl,-build-id=none -specs=Xilinx.spec -Wl,-T -Wl,../src/lscript.ld -L../../Zybo-Z7-10-HDMI_bsp/ps7_cortexa9_0/lib -o "Zybo-Z7-10-HDMI.elf"  ./src/video_capture/video_capture.o  ./src/timer_ps/timer_ps.o  ./src/intc/intc.o  ./src/dynclk/dynclk.o  ./src/display_ctrl/display_ctrl.o  ./src/video_demo.o   -Wl,--start-group,-lxil,-lgcc,-lc,--end-group
'Finished building target: Zybo-Z7-10-HDMI.elf'
' '
'Invoking: ARM v7 Print Size'
arm-none-eabi-size Zybo-Z7-10-HDMI.elf  |tee "Zybo-Z7-10-HDMI.elf.size"
   text	   data	    bss	    dec	    hex	filename
  65788	   2888	18688176	18756852	11e34f4	Zybo-Z7-10-HDMI.elf
'Finished building: Zybo-Z7-10-HDMI.elf.size'
' '
20:00:43 **** Auto Build of configuration Debug for project Zybo-Z7-10-HDMI ****
make pre-build main-build 
a9-linaro-pre-build-step
' '
'Building file: ../src/video_demo.c'
'Invoking: ARM v7 gcc compiler'
arm-none-eabi-gcc -Wall -O0 -g3 -c -fmessage-length=0 -MT"src/video_demo.o" -mcpu=cortex-a9 -mfpu=vfpv3 -mfloat-abi=hard -I../../Zybo-Z7-10-HDMI_bsp/ps7_cortexa9_0/include -MMD -MP -MF"src/video_demo.d" -MT"src/video_demo.o" -o "src/video_demo.o" "../src/video_demo.c"
../src/video_demo.c: In function 'RunSimonSays':
../src/video_demo.c:277:3: error: expected ';' before '}' token
   }
   ^
make: *** [src/video_demo.o] Error 1
20:00:46 **** Auto Build of configuration Debug for project Zybo-Z7-10-HDMI ****
make pre-build main-build 
a9-linaro-pre-build-step
' '
'Building file: ../src/video_demo.c'
'Invoking: ARM v7 gcc compiler'
arm-none-eabi-gcc -Wall -O0 -g3 -c -fmessage-length=0 -MT"src/video_demo.o" -mcpu=cortex-a9 -mfpu=vfpv3 -mfloat-abi=hard -I../../Zybo-Z7-10-HDMI_bsp/ps7_cortexa9_0/include -MMD -MP -MF"src/video_demo.d" -MT"src/video_demo.o" -o "src/video_demo.o" "../src/video_demo.c"
'Finished building: ../src/video_demo.c'
' '
'Building target: Zybo-Z7-10-HDMI.elf'
'Invoking: ARM v7 gcc linker'
arm-none-eabi-gcc -mcpu=cortex-a9 -mfpu=vfpv3 -mfloat-abi=hard -Wl,-build-id=none -specs=Xilinx.spec -Wl,-T -Wl,../src/lscript.ld -L../../Zybo-Z7-10-HDMI_bsp/ps7_cortexa9_0/lib -o "Zybo-Z7-10-HDMI.elf"  ./src/video_capture/video_capture.o  ./src/timer_ps/timer_ps.o  ./src/intc/intc.o  ./src/dynclk/dynclk.o  ./src/display_ctrl/display_ctrl.o  ./src/video_demo.o   -Wl,--start-group,-lxil,-lgcc,-lc,--end-group
'Finished building target: Zybo-Z7-10-HDMI.elf'
' '
'Invoking: ARM v7 Print Size'
arm-none-eabi-size Zybo-Z7-10-HDMI.elf  |tee "Zybo-Z7-10-HDMI.elf.size"
   text	   data	    bss	    dec	    hex	filename
  65812	   2888	18688176	18756876	11e350c	Zybo-Z7-10-HDMI.elf
'Finished building: Zybo-Z7-10-HDMI.elf.size'
' '
20:01:44 **** Auto Build of configuration Debug for project Zybo-Z7-10-HDMI ****
make pre-build main-build 
a9-linaro-pre-build-step
' '
'Building file: ../src/video_demo.c'
'Invoking: ARM v7 gcc compiler'
arm-none-eabi-gcc -Wall -O0 -g3 -c -fmessage-length=0 -MT"src/video_demo.o" -mcpu=cortex-a9 -mfpu=vfpv3 -mfloat-abi=hard -I../../Zybo-Z7-10-HDMI_bsp/ps7_cortexa9_0/include -MMD -MP -MF"src/video_demo.d" -MT"src/video_demo.o" -o "src/video_demo.o" "../src/video_demo.c"
../src/video_demo.c: In function 'RunSimonSays':
../src/video_demo.c:284:8: warning: unused variable 'userGuess' [-Wunused-variable]
   char userGuess[SeqLen/2];
        ^~~~~~~~~
'Finished building: ../src/video_demo.c'
' '
'Building target: Zybo-Z7-10-HDMI.elf'
'Invoking: ARM v7 gcc linker'
arm-none-eabi-gcc -mcpu=cortex-a9 -mfpu=vfpv3 -mfloat-abi=hard -Wl,-build-id=none -specs=Xilinx.spec -Wl,-T -Wl,../src/lscript.ld -L../../Zybo-Z7-10-HDMI_bsp/ps7_cortexa9_0/lib -o "Zybo-Z7-10-HDMI.elf"  ./src/video_capture/video_capture.o  ./src/timer_ps/timer_ps.o  ./src/intc/intc.o  ./src/dynclk/dynclk.o  ./src/display_ctrl/display_ctrl.o  ./src/video_demo.o   -Wl,--start-group,-lxil,-lgcc,-lc,--end-group
'Finished building target: Zybo-Z7-10-HDMI.elf'
' '
'Invoking: ARM v7 Print Size'
arm-none-eabi-size Zybo-Z7-10-HDMI.elf  |tee "Zybo-Z7-10-HDMI.elf.size"
   text	   data	    bss	    dec	    hex	filename
  66004	   2888	18688176	18757068	11e35cc	Zybo-Z7-10-HDMI.elf
'Finished building: Zybo-Z7-10-HDMI.elf.size'
' '
20:02:42 **** Auto Build of configuration Debug for project Zybo-Z7-10-HDMI ****
make pre-build main-build 
a9-linaro-pre-build-step
' '
'Building file: ../src/video_demo.c'
'Invoking: ARM v7 gcc compiler'
arm-none-eabi-gcc -Wall -O0 -g3 -c -fmessage-length=0 -MT"src/video_demo.o" -mcpu=cortex-a9 -mfpu=vfpv3 -mfloat-abi=hard -I../../Zybo-Z7-10-HDMI_bsp/ps7_cortexa9_0/include -MMD -MP -MF"src/video_demo.d" -MT"src/video_demo.o" -o "src/video_demo.o" "../src/video_demo.c"
../src/video_demo.c: In function 'RunSimonSays':
../src/video_demo.c:284:8: warning: variable 'userGuess' set but not used [-Wunused-but-set-variable]
   char userGuess[SeqLen/2];
        ^~~~~~~~~
'Finished building: ../src/video_demo.c'
' '
'Building target: Zybo-Z7-10-HDMI.elf'
'Invoking: ARM v7 gcc linker'
arm-none-eabi-gcc -mcpu=cortex-a9 -mfpu=vfpv3 -mfloat-abi=hard -Wl,-build-id=none -specs=Xilinx.spec -Wl,-T -Wl,../src/lscript.ld -L../../Zybo-Z7-10-HDMI_bsp/ps7_cortexa9_0/lib -o "Zybo-Z7-10-HDMI.elf"  ./src/video_capture/video_capture.o  ./src/timer_ps/timer_ps.o  ./src/intc/intc.o  ./src/dynclk/dynclk.o  ./src/display_ctrl/display_ctrl.o  ./src/video_demo.o   -Wl,--start-group,-lxil,-lgcc,-lc,--end-group
'Finished building target: Zybo-Z7-10-HDMI.elf'
' '
'Invoking: ARM v7 Print Size'
arm-none-eabi-size Zybo-Z7-10-HDMI.elf  |tee "Zybo-Z7-10-HDMI.elf.size"
   text	   data	    bss	    dec	    hex	filename
  66004	   2888	18688176	18757068	11e35cc	Zybo-Z7-10-HDMI.elf
'Finished building: Zybo-Z7-10-HDMI.elf.size'
' '
20:05:34 **** Auto Build of configuration Debug for project Zybo-Z7-10-HDMI ****
make pre-build main-build 
a9-linaro-pre-build-step
' '
'Building file: ../src/video_demo.c'
'Invoking: ARM v7 gcc compiler'
arm-none-eabi-gcc -Wall -O0 -g3 -c -fmessage-length=0 -MT"src/video_demo.o" -mcpu=cortex-a9 -mfpu=vfpv3 -mfloat-abi=hard -I../../Zybo-Z7-10-HDMI_bsp/ps7_cortexa9_0/include -MMD -MP -MF"src/video_demo.d" -MT"src/video_demo.o" -o "src/video_demo.o" "../src/video_demo.c"
../src/video_demo.c: In function 'RunSimonSays':
../src/video_demo.c:305:5: error: expected ';' before 'break'
     break;
     ^~~~~
make: *** [src/video_demo.o] Error 1
20:05:41 **** Auto Build of configuration Debug for project Zybo-Z7-10-HDMI ****
make pre-build main-build 
a9-linaro-pre-build-step
' '
'Building file: ../src/video_demo.c'
'Invoking: ARM v7 gcc compiler'
arm-none-eabi-gcc -Wall -O0 -g3 -c -fmessage-length=0 -MT"src/video_demo.o" -mcpu=cortex-a9 -mfpu=vfpv3 -mfloat-abi=hard -I../../Zybo-Z7-10-HDMI_bsp/ps7_cortexa9_0/include -MMD -MP -MF"src/video_demo.d" -MT"src/video_demo.o" -o "src/video_demo.o" "../src/video_demo.c"
'Finished building: ../src/video_demo.c'
' '
'Building target: Zybo-Z7-10-HDMI.elf'
'Invoking: ARM v7 gcc linker'
arm-none-eabi-gcc -mcpu=cortex-a9 -mfpu=vfpv3 -mfloat-abi=hard -Wl,-build-id=none -specs=Xilinx.spec -Wl,-T -Wl,../src/lscript.ld -L../../Zybo-Z7-10-HDMI_bsp/ps7_cortexa9_0/lib -o "Zybo-Z7-10-HDMI.elf"  ./src/video_capture/video_capture.o  ./src/timer_ps/timer_ps.o  ./src/intc/intc.o  ./src/dynclk/dynclk.o  ./src/display_ctrl/display_ctrl.o  ./src/video_demo.o   -Wl,--start-group,-lxil,-lgcc,-lc,--end-group
'Finished building target: Zybo-Z7-10-HDMI.elf'
' '
'Invoking: ARM v7 Print Size'
arm-none-eabi-size Zybo-Z7-10-HDMI.elf  |tee "Zybo-Z7-10-HDMI.elf.size"
   text	   data	    bss	    dec	    hex	filename
  65892	   2888	18688176	18756956	11e355c	Zybo-Z7-10-HDMI.elf
'Finished building: Zybo-Z7-10-HDMI.elf.size'
' '
20:06:53 **** Auto Build of configuration Debug for project Zybo-Z7-10-HDMI ****
make pre-build main-build 
a9-linaro-pre-build-step
' '
'Building file: ../src/video_demo.c'
'Invoking: ARM v7 gcc compiler'
arm-none-eabi-gcc -Wall -O0 -g3 -c -fmessage-length=0 -MT"src/video_demo.o" -mcpu=cortex-a9 -mfpu=vfpv3 -mfloat-abi=hard -I../../Zybo-Z7-10-HDMI_bsp/ps7_cortexa9_0/include -MMD -MP -MF"src/video_demo.d" -MT"src/video_demo.o" -o "src/video_demo.o" "../src/video_demo.c"
../src/video_demo.c: In function 'RunSimonSays':
../src/video_demo.c:267:2: error: expected ';' before 'while'
  while (!XUartPs_IsReceiveData(UART_BASEADDR) && !fRefresh){
  ^~~~~
../src/video_demo.c:407:1: error: expected declaration or statement at end of input
 }
 ^
../src/video_demo.c:262:6: warning: unused variable 'gameStop' [-Wunused-variable]
  int gameStop = 0;
      ^~~~~~~~
../src/video_demo.c:261:6: warning: unused variable 'round' [-Wunused-variable]
  int round = 0;
      ^~~~~
../src/video_demo.c:247:6: warning: variable 'sequence' set but not used [-Wunused-but-set-variable]
  int sequence[SeqLen];
      ^~~~~~~~
make: *** [src/video_demo.o] Error 1
20:06:57 **** Auto Build of configuration Debug for project Zybo-Z7-10-HDMI ****
make pre-build main-build 
a9-linaro-pre-build-step
' '
'Building file: ../src/video_demo.c'
'Invoking: ARM v7 gcc compiler'
arm-none-eabi-gcc -Wall -O0 -g3 -c -fmessage-length=0 -MT"src/video_demo.o" -mcpu=cortex-a9 -mfpu=vfpv3 -mfloat-abi=hard -I../../Zybo-Z7-10-HDMI_bsp/ps7_cortexa9_0/include -MMD -MP -MF"src/video_demo.d" -MT"src/video_demo.o" -o "src/video_demo.o" "../src/video_demo.c"
../src/video_demo.c: In function 'RunSimonSays':
../src/video_demo.c:407:1: error: expected declaration or statement at end of input
 }
 ^
At top level:
../src/video_demo.c:403:6: warning: 'DemoISR' defined but not used [-Wunused-function]
 void DemoISR(void *callBackRef, void *pVideo)
      ^~~~~~~
../src/video_demo.c:321:6: warning: 'FillColor' defined but not used [-Wunused-function]
 void FillColor(u8 *frame, u32 width, u32 height, u32 stride, int color){
      ^~~~~~~~~
make: *** [src/video_demo.o] Error 1
20:07:13 **** Auto Build of configuration Debug for project Zybo-Z7-10-HDMI ****
make pre-build main-build 
a9-linaro-pre-build-step
' '
'Building file: ../src/video_demo.c'
'Invoking: ARM v7 gcc compiler'
arm-none-eabi-gcc -Wall -O0 -g3 -c -fmessage-length=0 -MT"src/video_demo.o" -mcpu=cortex-a9 -mfpu=vfpv3 -mfloat-abi=hard -I../../Zybo-Z7-10-HDMI_bsp/ps7_cortexa9_0/include -MMD -MP -MF"src/video_demo.d" -MT"src/video_demo.o" -o "src/video_demo.o" "../src/video_demo.c"
'Finished building: ../src/video_demo.c'
' '
'Building target: Zybo-Z7-10-HDMI.elf'
'Invoking: ARM v7 gcc linker'
arm-none-eabi-gcc -mcpu=cortex-a9 -mfpu=vfpv3 -mfloat-abi=hard -Wl,-build-id=none -specs=Xilinx.spec -Wl,-T -Wl,../src/lscript.ld -L../../Zybo-Z7-10-HDMI_bsp/ps7_cortexa9_0/lib -o "Zybo-Z7-10-HDMI.elf"  ./src/video_capture/video_capture.o  ./src/timer_ps/timer_ps.o  ./src/intc/intc.o  ./src/dynclk/dynclk.o  ./src/display_ctrl/display_ctrl.o  ./src/video_demo.o   -Wl,--start-group,-lxil,-lgcc,-lc,--end-group
'Finished building target: Zybo-Z7-10-HDMI.elf'
' '
'Invoking: ARM v7 Print Size'
arm-none-eabi-size Zybo-Z7-10-HDMI.elf  |tee "Zybo-Z7-10-HDMI.elf.size"
   text	   data	    bss	    dec	    hex	filename
  66004	   2888	18688176	18757068	11e35cc	Zybo-Z7-10-HDMI.elf
'Finished building: Zybo-Z7-10-HDMI.elf.size'
' '
20:07:53 **** Auto Build of configuration Debug for project Zybo-Z7-10-HDMI ****
make pre-build main-build 
a9-linaro-pre-build-step
' '
'Building file: ../src/video_demo.c'
'Invoking: ARM v7 gcc compiler'
arm-none-eabi-gcc -Wall -O0 -g3 -c -fmessage-length=0 -MT"src/video_demo.o" -mcpu=cortex-a9 -mfpu=vfpv3 -mfloat-abi=hard -I../../Zybo-Z7-10-HDMI_bsp/ps7_cortexa9_0/include -MMD -MP -MF"src/video_demo.d" -MT"src/video_demo.o" -o "src/video_demo.o" "../src/video_demo.c"
'Finished building: ../src/video_demo.c'
' '
'Building target: Zybo-Z7-10-HDMI.elf'
'Invoking: ARM v7 gcc linker'
arm-none-eabi-gcc -mcpu=cortex-a9 -mfpu=vfpv3 -mfloat-abi=hard -Wl,-build-id=none -specs=Xilinx.spec -Wl,-T -Wl,../src/lscript.ld -L../../Zybo-Z7-10-HDMI_bsp/ps7_cortexa9_0/lib -o "Zybo-Z7-10-HDMI.elf"  ./src/video_capture/video_capture.o  ./src/timer_ps/timer_ps.o  ./src/intc/intc.o  ./src/dynclk/dynclk.o  ./src/display_ctrl/display_ctrl.o  ./src/video_demo.o   -Wl,--start-group,-lxil,-lgcc,-lc,--end-group
'Finished building target: Zybo-Z7-10-HDMI.elf'
' '
'Invoking: ARM v7 Print Size'
arm-none-eabi-size Zybo-Z7-10-HDMI.elf  |tee "Zybo-Z7-10-HDMI.elf.size"
   text	   data	    bss	    dec	    hex	filename
  66052	   2888	18688176	18757116	11e35fc	Zybo-Z7-10-HDMI.elf
'Finished building: Zybo-Z7-10-HDMI.elf.size'
' '
20:08:20 **** Auto Build of configuration Debug for project Zybo-Z7-10-HDMI ****
make pre-build main-build 
a9-linaro-pre-build-step
' '
'Building file: ../src/video_demo.c'
'Invoking: ARM v7 gcc compiler'
arm-none-eabi-gcc -Wall -O0 -g3 -c -fmessage-length=0 -MT"src/video_demo.o" -mcpu=cortex-a9 -mfpu=vfpv3 -mfloat-abi=hard -I../../Zybo-Z7-10-HDMI_bsp/ps7_cortexa9_0/include -MMD -MP -MF"src/video_demo.d" -MT"src/video_demo.o" -o "src/video_demo.o" "../src/video_demo.c"
../src/video_demo.c: In function 'RunSimonSays':
../src/video_demo.c:310:5: error: expected ';' before 'break'
     break;
     ^~~~~
make: *** [src/video_demo.o] Error 1
20:08:21 **** Auto Build of configuration Debug for project Zybo-Z7-10-HDMI ****
make pre-build main-build 
a9-linaro-pre-build-step
' '
'Building file: ../src/video_demo.c'
'Invoking: ARM v7 gcc compiler'
arm-none-eabi-gcc -Wall -O0 -g3 -c -fmessage-length=0 -MT"src/video_demo.o" -mcpu=cortex-a9 -mfpu=vfpv3 -mfloat-abi=hard -I../../Zybo-Z7-10-HDMI_bsp/ps7_cortexa9_0/include -MMD -MP -MF"src/video_demo.d" -MT"src/video_demo.o" -o "src/video_demo.o" "../src/video_demo.c"
'Finished building: ../src/video_demo.c'
' '
'Building target: Zybo-Z7-10-HDMI.elf'
'Invoking: ARM v7 gcc linker'
arm-none-eabi-gcc -mcpu=cortex-a9 -mfpu=vfpv3 -mfloat-abi=hard -Wl,-build-id=none -specs=Xilinx.spec -Wl,-T -Wl,../src/lscript.ld -L../../Zybo-Z7-10-HDMI_bsp/ps7_cortexa9_0/lib -o "Zybo-Z7-10-HDMI.elf"  ./src/video_capture/video_capture.o  ./src/timer_ps/timer_ps.o  ./src/intc/intc.o  ./src/dynclk/dynclk.o  ./src/display_ctrl/display_ctrl.o  ./src/video_demo.o   -Wl,--start-group,-lxil,-lgcc,-lc,--end-group
'Finished building target: Zybo-Z7-10-HDMI.elf'
' '
'Invoking: ARM v7 Print Size'
arm-none-eabi-size Zybo-Z7-10-HDMI.elf  |tee "Zybo-Z7-10-HDMI.elf.size"
   text	   data	    bss	    dec	    hex	filename
  66116	   2888	18688176	18757180	11e363c	Zybo-Z7-10-HDMI.elf
'Finished building: Zybo-Z7-10-HDMI.elf.size'
' '
20:09:09 **** Auto Build of configuration Debug for project Zybo-Z7-10-HDMI ****
make pre-build main-build 
a9-linaro-pre-build-step
' '
'Building file: ../src/video_demo.c'
'Invoking: ARM v7 gcc compiler'
arm-none-eabi-gcc -Wall -O0 -g3 -c -fmessage-length=0 -MT"src/video_demo.o" -mcpu=cortex-a9 -mfpu=vfpv3 -mfloat-abi=hard -I../../Zybo-Z7-10-HDMI_bsp/ps7_cortexa9_0/include -MMD -MP -MF"src/video_demo.d" -MT"src/video_demo.o" -o "src/video_demo.o" "../src/video_demo.c"
'Finished building: ../src/video_demo.c'
' '
'Building target: Zybo-Z7-10-HDMI.elf'
'Invoking: ARM v7 gcc linker'
arm-none-eabi-gcc -mcpu=cortex-a9 -mfpu=vfpv3 -mfloat-abi=hard -Wl,-build-id=none -specs=Xilinx.spec -Wl,-T -Wl,../src/lscript.ld -L../../Zybo-Z7-10-HDMI_bsp/ps7_cortexa9_0/lib -o "Zybo-Z7-10-HDMI.elf"  ./src/video_capture/video_capture.o  ./src/timer_ps/timer_ps.o  ./src/intc/intc.o  ./src/dynclk/dynclk.o  ./src/display_ctrl/display_ctrl.o  ./src/video_demo.o   -Wl,--start-group,-lxil,-lgcc,-lc,--end-group
'Finished building target: Zybo-Z7-10-HDMI.elf'
' '
'Invoking: ARM v7 Print Size'
arm-none-eabi-size Zybo-Z7-10-HDMI.elf  |tee "Zybo-Z7-10-HDMI.elf.size"
   text	   data	    bss	    dec	    hex	filename
  66140	   2888	18688176	18757204	11e3654	Zybo-Z7-10-HDMI.elf
'Finished building: Zybo-Z7-10-HDMI.elf.size'
' '
